2025-11-23 12:03:49,807 [INFO] Using device: cuda
2025-11-23 12:03:49,807 [INFO] ===== Step 1: SimCLR 自监督预训练开始 =====
2025-11-23 12:03:49,959 [INFO] [SimCLRDataset] 共找到 11883 张图像用于自监督训练。
2025-11-23 12:03:50,009 [INFO] [SimCLRModel] 从 ../../weight/efficientnet_b0_rwightman-3dd342df.pth 加载预训练权重（strict=False）
2025-11-23 12:03:50,067 [INFO] [SimCLRModel] Loaded encoder weights. Missing keys: 309, Unexpected keys: 360
2025-11-23 12:04:26,202 [INFO] [Epoch 1/50] step 50, loss=4.1357
2025-11-23 12:04:43,715 [INFO] [Epoch 1/50] step 100, loss=4.1509
2025-11-23 12:05:01,350 [INFO] [Epoch 1/50] step 150, loss=4.1403
2025-11-23 12:05:18,414 [INFO] [Epoch 1/50] step 200, loss=4.1376
2025-11-23 12:05:36,216 [INFO] [Epoch 1/50] step 250, loss=4.1535
2025-11-23 12:05:53,413 [INFO] [Epoch 1/50] step 300, loss=4.1119
2025-11-23 12:06:10,541 [INFO] [Epoch 1/50] step 350, loss=4.0881
2025-11-23 12:06:19,148 [INFO] === Epoch 1/50 completed, avg_loss=4.1326 ===
2025-11-23 12:06:19,198 [INFO] [Checkpoint] Saved to ./ssl_outputs\simclr_epoch1.pth
2025-11-23 12:06:54,491 [INFO] [Epoch 2/50] step 50, loss=4.1239
2025-11-23 12:07:11,594 [INFO] [Epoch 2/50] step 100, loss=4.0726
2025-11-23 12:07:29,397 [INFO] [Epoch 2/50] step 150, loss=4.1255
2025-11-23 12:07:46,494 [INFO] [Epoch 2/50] step 200, loss=4.0891
2025-11-23 12:08:04,229 [INFO] [Epoch 2/50] step 250, loss=4.1338
2025-11-23 12:08:21,476 [INFO] [Epoch 2/50] step 300, loss=4.1239
2025-11-23 12:08:39,248 [INFO] [Epoch 2/50] step 350, loss=4.1666
2025-11-23 12:08:47,351 [INFO] === Epoch 2/50 completed, avg_loss=4.1253 ===
2025-11-23 12:08:47,416 [INFO] [Checkpoint] Saved to ./ssl_outputs\simclr_epoch2.pth
2025-11-23 12:09:22,788 [INFO] [Epoch 3/50] step 50, loss=4.1596
2025-11-23 12:09:40,211 [INFO] [Epoch 3/50] step 100, loss=4.0839
2025-11-23 12:09:57,958 [INFO] [Epoch 3/50] step 150, loss=3.9945
2025-11-23 12:10:15,461 [INFO] [Epoch 3/50] step 200, loss=3.9575
2025-11-23 12:10:33,164 [INFO] [Epoch 3/50] step 250, loss=4.0904
2025-11-23 12:10:50,273 [INFO] [Epoch 3/50] step 300, loss=4.1540
2025-11-23 12:11:08,211 [INFO] [Epoch 3/50] step 350, loss=3.8434
2025-11-23 12:11:16,407 [INFO] === Epoch 3/50 completed, avg_loss=4.0537 ===
2025-11-23 12:11:16,477 [INFO] [Checkpoint] Saved to ./ssl_outputs\simclr_epoch3.pth
2025-11-23 12:11:51,519 [INFO] [Epoch 4/50] step 50, loss=3.9960
2025-11-23 12:12:08,839 [INFO] [Epoch 4/50] step 100, loss=4.0322
2025-11-23 12:12:26,632 [INFO] [Epoch 4/50] step 150, loss=3.7619
2025-11-23 12:12:43,743 [INFO] [Epoch 4/50] step 200, loss=3.9564
2025-11-23 12:13:01,804 [INFO] [Epoch 4/50] step 250, loss=3.7045
2025-11-23 12:13:19,158 [INFO] [Epoch 4/50] step 300, loss=4.1862
2025-11-23 12:13:37,273 [INFO] [Epoch 4/50] step 350, loss=3.8107
2025-11-23 12:13:45,179 [INFO] === Epoch 4/50 completed, avg_loss=3.9052 ===
2025-11-23 12:13:45,245 [INFO] [Checkpoint] Saved to ./ssl_outputs\simclr_epoch4.pth
2025-11-23 12:14:20,382 [INFO] [Epoch 5/50] step 50, loss=3.7416
2025-11-23 12:14:37,257 [INFO] [Epoch 5/50] step 100, loss=3.8842
2025-11-23 12:14:54,961 [INFO] [Epoch 5/50] step 150, loss=3.7782
2025-11-23 12:15:12,116 [INFO] [Epoch 5/50] step 200, loss=3.7963
2025-11-23 12:15:29,867 [INFO] [Epoch 5/50] step 250, loss=3.6433
2025-11-23 12:15:46,937 [INFO] [Epoch 5/50] step 300, loss=4.2429
2025-11-23 12:16:04,601 [INFO] [Epoch 5/50] step 350, loss=3.7559
2025-11-23 12:16:12,734 [INFO] === Epoch 5/50 completed, avg_loss=3.8271 ===
2025-11-23 12:16:12,799 [INFO] [Checkpoint] Saved to ./ssl_outputs\simclr_epoch5.pth
2025-11-23 12:16:47,679 [INFO] [Epoch 6/50] step 50, loss=3.8144
2025-11-23 12:17:05,195 [INFO] [Epoch 6/50] step 100, loss=3.6905
2025-11-23 12:17:22,603 [INFO] [Epoch 6/50] step 150, loss=3.6673
2025-11-23 12:17:40,023 [INFO] [Epoch 6/50] step 200, loss=3.5079
2025-11-23 12:17:57,678 [INFO] [Epoch 6/50] step 250, loss=3.8508
2025-11-23 12:18:15,591 [INFO] [Epoch 6/50] step 300, loss=3.6558
2025-11-23 12:18:32,851 [INFO] [Epoch 6/50] step 350, loss=3.9348
2025-11-23 12:18:41,582 [INFO] === Epoch 6/50 completed, avg_loss=3.7471 ===
2025-11-23 12:18:41,632 [INFO] [Checkpoint] Saved to ./ssl_outputs\simclr_epoch6.pth
2025-11-23 12:19:16,524 [INFO] [Epoch 7/50] step 50, loss=3.8589
2025-11-23 12:19:34,024 [INFO] [Epoch 7/50] step 100, loss=3.6335
2025-11-23 12:19:51,868 [INFO] [Epoch 7/50] step 150, loss=3.6800
2025-11-23 12:20:09,085 [INFO] [Epoch 7/50] step 200, loss=3.8293
2025-11-23 12:20:27,461 [INFO] [Epoch 7/50] step 250, loss=3.7906
2025-11-23 12:20:44,570 [INFO] [Epoch 7/50] step 300, loss=3.6278
2025-11-23 12:21:02,042 [INFO] [Epoch 7/50] step 350, loss=3.5457
2025-11-23 12:21:10,085 [INFO] === Epoch 7/50 completed, avg_loss=3.7144 ===
2025-11-23 12:21:10,139 [INFO] [Checkpoint] Saved to ./ssl_outputs\simclr_epoch7.pth
2025-11-23 12:21:45,148 [INFO] [Epoch 8/50] step 50, loss=3.6443
2025-11-23 12:22:02,491 [INFO] [Epoch 8/50] step 100, loss=3.4573
2025-11-23 12:22:20,054 [INFO] [Epoch 8/50] step 150, loss=3.6142
2025-11-23 12:22:37,335 [INFO] [Epoch 8/50] step 200, loss=3.6040
2025-11-23 12:22:55,447 [INFO] [Epoch 8/50] step 250, loss=3.7144
2025-11-23 12:23:12,657 [INFO] [Epoch 8/50] step 300, loss=3.7081
2025-11-23 12:23:30,350 [INFO] [Epoch 8/50] step 350, loss=3.4429
2025-11-23 12:23:38,539 [INFO] === Epoch 8/50 completed, avg_loss=3.6650 ===
2025-11-23 12:23:38,595 [INFO] [Checkpoint] Saved to ./ssl_outputs\simclr_epoch8.pth
2025-11-23 12:24:13,400 [INFO] [Epoch 9/50] step 50, loss=3.5486
2025-11-23 12:24:30,454 [INFO] [Epoch 9/50] step 100, loss=4.0992
2025-11-23 12:24:48,243 [INFO] [Epoch 9/50] step 150, loss=3.6453
2025-11-23 12:25:05,430 [INFO] [Epoch 9/50] step 200, loss=3.5751
2025-11-23 12:25:23,210 [INFO] [Epoch 9/50] step 250, loss=3.4254
2025-11-23 12:25:40,538 [INFO] [Epoch 9/50] step 300, loss=3.5933
2025-11-23 12:25:58,579 [INFO] [Epoch 9/50] step 350, loss=3.6053
2025-11-23 12:26:06,834 [INFO] === Epoch 9/50 completed, avg_loss=3.6334 ===
2025-11-23 12:26:06,904 [INFO] [Checkpoint] Saved to ./ssl_outputs\simclr_epoch9.pth
2025-11-23 12:26:41,991 [INFO] [Epoch 10/50] step 50, loss=3.6201
2025-11-23 12:26:59,148 [INFO] [Epoch 10/50] step 100, loss=3.5064
2025-11-23 12:27:17,053 [INFO] [Epoch 10/50] step 150, loss=3.5269
2025-11-23 12:27:34,522 [INFO] [Epoch 10/50] step 200, loss=3.6769
2025-11-23 12:27:52,412 [INFO] [Epoch 10/50] step 250, loss=3.8615
2025-11-23 12:28:09,788 [INFO] [Epoch 10/50] step 300, loss=3.5012
2025-11-23 12:28:27,776 [INFO] [Epoch 10/50] step 350, loss=3.4494
2025-11-23 12:28:35,803 [INFO] === Epoch 10/50 completed, avg_loss=3.6242 ===
2025-11-23 12:28:35,852 [INFO] [Checkpoint] Saved to ./ssl_outputs\simclr_epoch10.pth
2025-11-23 12:29:10,944 [INFO] [Epoch 11/50] step 50, loss=3.5676
2025-11-23 12:29:27,991 [INFO] [Epoch 11/50] step 100, loss=3.6186
2025-11-23 12:29:46,382 [INFO] [Epoch 11/50] step 150, loss=3.5833
2025-11-23 12:30:03,912 [INFO] [Epoch 11/50] step 200, loss=3.6918
2025-11-23 12:30:21,927 [INFO] [Epoch 11/50] step 250, loss=3.6003
2025-11-23 12:30:39,444 [INFO] [Epoch 11/50] step 300, loss=3.5867
2025-11-23 12:30:57,460 [INFO] [Epoch 11/50] step 350, loss=3.1775
2025-11-23 12:31:05,526 [INFO] === Epoch 11/50 completed, avg_loss=3.5698 ===
2025-11-23 12:31:05,577 [INFO] [Checkpoint] Saved to ./ssl_outputs\simclr_epoch11.pth
2025-11-23 12:31:40,756 [INFO] [Epoch 12/50] step 50, loss=3.4979
2025-11-23 12:31:57,969 [INFO] [Epoch 12/50] step 100, loss=3.5267
2025-11-23 12:32:15,945 [INFO] [Epoch 12/50] step 150, loss=3.5319
2025-11-23 12:32:33,136 [INFO] [Epoch 12/50] step 200, loss=3.1902
2025-11-23 12:32:51,027 [INFO] [Epoch 12/50] step 250, loss=3.4815
2025-11-23 12:33:08,469 [INFO] [Epoch 12/50] step 300, loss=3.4864
2025-11-23 12:33:26,400 [INFO] [Epoch 12/50] step 350, loss=3.3157
2025-11-23 12:33:34,621 [INFO] === Epoch 12/50 completed, avg_loss=3.3931 ===
2025-11-23 12:33:34,684 [INFO] [Checkpoint] Saved to ./ssl_outputs\simclr_epoch12.pth
2025-11-23 12:34:09,656 [INFO] [Epoch 13/50] step 50, loss=3.0762
2025-11-23 12:34:26,882 [INFO] [Epoch 13/50] step 100, loss=3.2964
2025-11-23 12:34:44,930 [INFO] [Epoch 13/50] step 150, loss=3.2169
2025-11-23 12:35:02,210 [INFO] [Epoch 13/50] step 200, loss=3.0977
2025-11-23 12:35:19,945 [INFO] [Epoch 13/50] step 250, loss=3.3334
2025-11-23 12:35:37,023 [INFO] [Epoch 13/50] step 300, loss=3.3915
2025-11-23 12:35:55,274 [INFO] [Epoch 13/50] step 350, loss=3.3433
2025-11-23 12:36:03,319 [INFO] === Epoch 13/50 completed, avg_loss=3.3134 ===
2025-11-23 12:36:03,368 [INFO] [Checkpoint] Saved to ./ssl_outputs\simclr_epoch13.pth
2025-11-23 12:36:38,131 [INFO] [Epoch 14/50] step 50, loss=3.2108
2025-11-23 12:36:55,457 [INFO] [Epoch 14/50] step 100, loss=3.2244
2025-11-23 12:37:13,429 [INFO] [Epoch 14/50] step 150, loss=3.2222
2025-11-23 12:37:30,749 [INFO] [Epoch 14/50] step 200, loss=3.3182
2025-11-23 12:37:48,695 [INFO] [Epoch 14/50] step 250, loss=3.2864
2025-11-23 12:38:05,979 [INFO] [Epoch 14/50] step 300, loss=3.4046
2025-11-23 12:38:23,852 [INFO] [Epoch 14/50] step 350, loss=3.3759
2025-11-23 12:38:31,898 [INFO] === Epoch 14/50 completed, avg_loss=3.2768 ===
2025-11-23 12:38:31,964 [INFO] [Checkpoint] Saved to ./ssl_outputs\simclr_epoch14.pth
2025-11-23 12:39:07,148 [INFO] [Epoch 15/50] step 50, loss=3.0653
2025-11-23 12:39:24,211 [INFO] [Epoch 15/50] step 100, loss=3.1197
2025-11-23 12:39:42,258 [INFO] [Epoch 15/50] step 150, loss=3.4980
2025-11-23 12:39:59,546 [INFO] [Epoch 15/50] step 200, loss=3.1619
2025-11-23 12:40:16,977 [INFO] [Epoch 15/50] step 250, loss=3.1877
2025-11-23 12:40:34,277 [INFO] [Epoch 15/50] step 300, loss=3.1112
2025-11-23 12:40:52,120 [INFO] [Epoch 15/50] step 350, loss=3.2092
2025-11-23 12:41:00,347 [INFO] === Epoch 15/50 completed, avg_loss=3.2367 ===
2025-11-23 12:41:00,392 [INFO] [Checkpoint] Saved to ./ssl_outputs\simclr_epoch15.pth
2025-11-23 12:41:35,163 [INFO] [Epoch 16/50] step 50, loss=3.0551
2025-11-23 12:41:52,305 [INFO] [Epoch 16/50] step 100, loss=3.1140
2025-11-23 12:42:10,111 [INFO] [Epoch 16/50] step 150, loss=3.5004
2025-11-23 12:42:27,287 [INFO] [Epoch 16/50] step 200, loss=3.1396
2025-11-23 12:42:45,257 [INFO] [Epoch 16/50] step 250, loss=3.1740
2025-11-23 12:43:02,230 [INFO] [Epoch 16/50] step 300, loss=3.0580
2025-11-23 12:43:19,757 [INFO] [Epoch 16/50] step 350, loss=3.0756
2025-11-23 12:43:27,991 [INFO] === Epoch 16/50 completed, avg_loss=3.2019 ===
2025-11-23 12:43:28,038 [INFO] [Checkpoint] Saved to ./ssl_outputs\simclr_epoch16.pth
2025-11-23 12:44:03,260 [INFO] [Epoch 17/50] step 50, loss=3.2143
2025-11-23 12:44:20,554 [INFO] [Epoch 17/50] step 100, loss=2.9729
2025-11-23 12:44:38,413 [INFO] [Epoch 17/50] step 150, loss=3.2302
2025-11-23 12:44:55,569 [INFO] [Epoch 17/50] step 200, loss=3.0202
2025-11-23 12:45:13,478 [INFO] [Epoch 17/50] step 250, loss=2.9637
2025-11-23 12:45:30,351 [INFO] [Epoch 17/50] step 300, loss=3.0219
2025-11-23 12:45:48,251 [INFO] [Epoch 17/50] step 350, loss=3.1391
2025-11-23 12:45:56,398 [INFO] === Epoch 17/50 completed, avg_loss=3.1679 ===
2025-11-23 12:45:56,450 [INFO] [Checkpoint] Saved to ./ssl_outputs\simclr_epoch17.pth
2025-11-23 12:46:31,283 [INFO] [Epoch 18/50] step 50, loss=3.0917
2025-11-23 12:46:48,336 [INFO] [Epoch 18/50] step 100, loss=2.9855
2025-11-23 12:47:06,538 [INFO] [Epoch 18/50] step 150, loss=3.2474
2025-11-23 12:47:23,460 [INFO] [Epoch 18/50] step 200, loss=2.9414
2025-11-23 12:47:41,256 [INFO] [Epoch 18/50] step 250, loss=3.1265
2025-11-23 12:47:58,509 [INFO] [Epoch 18/50] step 300, loss=3.0446
2025-11-23 12:48:16,428 [INFO] [Epoch 18/50] step 350, loss=3.0071
2025-11-23 12:48:24,670 [INFO] === Epoch 18/50 completed, avg_loss=3.1318 ===
2025-11-23 12:48:24,714 [INFO] [Checkpoint] Saved to ./ssl_outputs\simclr_epoch18.pth
2025-11-23 12:48:59,789 [INFO] [Epoch 19/50] step 50, loss=3.1784
2025-11-23 12:49:17,166 [INFO] [Epoch 19/50] step 100, loss=3.1820
2025-11-23 12:49:34,820 [INFO] [Epoch 19/50] step 150, loss=3.1884
2025-11-23 12:49:51,669 [INFO] [Epoch 19/50] step 200, loss=3.2210
2025-11-23 12:50:09,273 [INFO] [Epoch 19/50] step 250, loss=3.0219
2025-11-23 12:50:26,586 [INFO] [Epoch 19/50] step 300, loss=3.1304
2025-11-23 12:50:44,267 [INFO] [Epoch 19/50] step 350, loss=3.1151
2025-11-23 12:50:52,335 [INFO] === Epoch 19/50 completed, avg_loss=3.0851 ===
2025-11-23 12:50:52,383 [INFO] [Checkpoint] Saved to ./ssl_outputs\simclr_epoch19.pth
2025-11-23 12:51:27,317 [INFO] [Epoch 20/50] step 50, loss=3.2315
2025-11-23 12:51:45,019 [INFO] [Epoch 20/50] step 100, loss=2.9521
2025-11-23 12:52:02,712 [INFO] [Epoch 20/50] step 150, loss=3.1454
2025-11-23 12:52:20,118 [INFO] [Epoch 20/50] step 200, loss=3.1176
2025-11-23 12:52:37,807 [INFO] [Epoch 20/50] step 250, loss=3.0776
2025-11-23 12:52:55,484 [INFO] [Epoch 20/50] step 300, loss=2.9021
2025-11-23 12:53:13,228 [INFO] [Epoch 20/50] step 350, loss=3.0474
2025-11-23 12:53:21,394 [INFO] === Epoch 20/50 completed, avg_loss=3.0537 ===
2025-11-23 12:53:21,445 [INFO] [Checkpoint] Saved to ./ssl_outputs\simclr_epoch20.pth
2025-11-23 12:53:57,758 [INFO] [Epoch 21/50] step 50, loss=2.9158
2025-11-23 12:54:15,068 [INFO] [Epoch 21/50] step 100, loss=2.9358
2025-11-23 12:54:33,082 [INFO] [Epoch 21/50] step 150, loss=3.0311
2025-11-23 12:54:50,662 [INFO] [Epoch 21/50] step 200, loss=2.8580
2025-11-23 12:55:08,381 [INFO] [Epoch 21/50] step 250, loss=2.7856
2025-11-23 12:55:25,805 [INFO] [Epoch 21/50] step 300, loss=3.1301
2025-11-23 12:55:43,733 [INFO] [Epoch 21/50] step 350, loss=3.0459
2025-11-23 12:55:51,938 [INFO] === Epoch 21/50 completed, avg_loss=2.9777 ===
2025-11-23 12:55:51,997 [INFO] [Checkpoint] Saved to ./ssl_outputs\simclr_epoch21.pth
2025-11-23 12:56:28,528 [INFO] [Epoch 22/50] step 50, loss=3.0855
2025-11-23 12:56:45,943 [INFO] [Epoch 22/50] step 100, loss=2.9339
2025-11-23 12:57:04,210 [INFO] [Epoch 22/50] step 150, loss=3.0657
2025-11-23 12:57:21,633 [INFO] [Epoch 22/50] step 200, loss=2.8263
2025-11-23 12:57:39,390 [INFO] [Epoch 22/50] step 250, loss=2.8680
2025-11-23 12:57:56,758 [INFO] [Epoch 22/50] step 300, loss=2.9957
2025-11-23 12:58:14,725 [INFO] [Epoch 22/50] step 350, loss=2.9141
2025-11-23 12:58:22,977 [INFO] === Epoch 22/50 completed, avg_loss=2.9262 ===
2025-11-23 12:58:23,042 [INFO] [Checkpoint] Saved to ./ssl_outputs\simclr_epoch22.pth
2025-11-23 12:58:59,415 [INFO] [Epoch 23/50] step 50, loss=2.7905
2025-11-23 12:59:16,864 [INFO] [Epoch 23/50] step 100, loss=2.9467
2025-11-23 12:59:34,936 [INFO] [Epoch 23/50] step 150, loss=2.8867
2025-11-23 12:59:52,351 [INFO] [Epoch 23/50] step 200, loss=2.8174
2025-11-23 13:00:10,421 [INFO] [Epoch 23/50] step 250, loss=2.8155
2025-11-23 13:00:27,647 [INFO] [Epoch 23/50] step 300, loss=2.7715
2025-11-23 13:00:45,896 [INFO] [Epoch 23/50] step 350, loss=2.9806
2025-11-23 13:00:53,972 [INFO] === Epoch 23/50 completed, avg_loss=2.9077 ===
2025-11-23 13:00:54,034 [INFO] [Checkpoint] Saved to ./ssl_outputs\simclr_epoch23.pth
2025-11-23 13:01:30,498 [INFO] [Epoch 24/50] step 50, loss=2.8823
2025-11-23 13:01:47,882 [INFO] [Epoch 24/50] step 100, loss=2.8901
2025-11-23 13:02:05,736 [INFO] [Epoch 24/50] step 150, loss=2.8011
2025-11-23 13:02:23,346 [INFO] [Epoch 24/50] step 200, loss=2.6707
2025-11-23 13:02:41,393 [INFO] [Epoch 24/50] step 250, loss=2.8176
2025-11-23 13:02:58,630 [INFO] [Epoch 24/50] step 300, loss=2.9116
2025-11-23 13:03:16,527 [INFO] [Epoch 24/50] step 350, loss=2.8638
2025-11-23 13:03:24,603 [INFO] === Epoch 24/50 completed, avg_loss=2.8809 ===
2025-11-23 13:03:24,660 [INFO] [Checkpoint] Saved to ./ssl_outputs\simclr_epoch24.pth
2025-11-23 13:04:01,082 [INFO] [Epoch 25/50] step 50, loss=2.8864
2025-11-23 13:04:18,448 [INFO] [Epoch 25/50] step 100, loss=2.8312
2025-11-23 13:04:36,256 [INFO] [Epoch 25/50] step 150, loss=2.8574
2025-11-23 13:04:53,834 [INFO] [Epoch 25/50] step 200, loss=2.7711
2025-11-23 13:05:11,889 [INFO] [Epoch 25/50] step 250, loss=2.9323
2025-11-23 13:05:29,241 [INFO] [Epoch 25/50] step 300, loss=2.7630
2025-11-23 13:05:47,227 [INFO] [Epoch 25/50] step 350, loss=2.9688
2025-11-23 13:05:55,366 [INFO] === Epoch 25/50 completed, avg_loss=2.8519 ===
2025-11-23 13:05:55,425 [INFO] [Checkpoint] Saved to ./ssl_outputs\simclr_epoch25.pth
2025-11-23 13:06:31,673 [INFO] [Epoch 26/50] step 50, loss=2.7597
2025-11-23 13:06:49,007 [INFO] [Epoch 26/50] step 100, loss=2.8690
2025-11-23 13:07:06,850 [INFO] [Epoch 26/50] step 150, loss=2.7845
2025-11-23 13:07:23,982 [INFO] [Epoch 26/50] step 200, loss=2.8420
2025-11-23 13:07:41,981 [INFO] [Epoch 26/50] step 250, loss=2.8304
2025-11-23 13:07:59,282 [INFO] [Epoch 26/50] step 300, loss=2.7732
2025-11-23 13:08:17,171 [INFO] [Epoch 26/50] step 350, loss=2.8450
2025-11-23 13:08:25,397 [INFO] === Epoch 26/50 completed, avg_loss=2.8166 ===
2025-11-23 13:08:25,454 [INFO] [Checkpoint] Saved to ./ssl_outputs\simclr_epoch26.pth
2025-11-23 13:09:01,699 [INFO] [Epoch 27/50] step 50, loss=2.7314
2025-11-23 13:09:19,255 [INFO] [Epoch 27/50] step 100, loss=2.7453
2025-11-23 13:09:37,226 [INFO] [Epoch 27/50] step 150, loss=2.7466
2025-11-23 13:09:54,735 [INFO] [Epoch 27/50] step 200, loss=2.7271
2025-11-23 13:10:13,112 [INFO] [Epoch 27/50] step 250, loss=2.8974
2025-11-23 13:10:30,336 [INFO] [Epoch 27/50] step 300, loss=2.8641
2025-11-23 13:10:48,352 [INFO] [Epoch 27/50] step 350, loss=2.7669
2025-11-23 13:10:56,570 [INFO] === Epoch 27/50 completed, avg_loss=2.7995 ===
2025-11-23 13:10:56,649 [INFO] [Checkpoint] Saved to ./ssl_outputs\simclr_epoch27.pth
2025-11-23 13:11:32,739 [INFO] [Epoch 28/50] step 50, loss=2.6911
2025-11-23 13:11:49,977 [INFO] [Epoch 28/50] step 100, loss=2.7345
2025-11-23 13:12:08,033 [INFO] [Epoch 28/50] step 150, loss=2.6837
2025-11-23 13:12:25,454 [INFO] [Epoch 28/50] step 200, loss=2.7889
2025-11-23 13:12:43,472 [INFO] [Epoch 28/50] step 250, loss=2.7975
2025-11-23 13:13:01,009 [INFO] [Epoch 28/50] step 300, loss=2.7597
2025-11-23 13:13:18,445 [INFO] [Epoch 28/50] step 350, loss=2.8483
2025-11-23 13:13:26,659 [INFO] === Epoch 28/50 completed, avg_loss=2.7724 ===
2025-11-23 13:13:26,708 [INFO] [Checkpoint] Saved to ./ssl_outputs\simclr_epoch28.pth
2025-11-23 13:14:03,382 [INFO] [Epoch 29/50] step 50, loss=2.7098
2025-11-23 13:14:20,604 [INFO] [Epoch 29/50] step 100, loss=2.8040
2025-11-23 13:14:38,662 [INFO] [Epoch 29/50] step 150, loss=2.6406
2025-11-23 13:14:56,161 [INFO] [Epoch 29/50] step 200, loss=2.7251
2025-11-23 13:15:14,420 [INFO] [Epoch 29/50] step 250, loss=2.7794
2025-11-23 13:15:31,725 [INFO] [Epoch 29/50] step 300, loss=2.6980
2025-11-23 13:15:49,931 [INFO] [Epoch 29/50] step 350, loss=2.9047
2025-11-23 13:15:57,992 [INFO] === Epoch 29/50 completed, avg_loss=2.7606 ===
2025-11-23 13:15:58,037 [INFO] [Checkpoint] Saved to ./ssl_outputs\simclr_epoch29.pth
2025-11-23 13:16:34,303 [INFO] [Epoch 30/50] step 50, loss=2.8129
2025-11-23 13:16:51,679 [INFO] [Epoch 30/50] step 100, loss=2.6394
2025-11-23 13:17:09,876 [INFO] [Epoch 30/50] step 150, loss=2.8088
2025-11-23 13:17:27,319 [INFO] [Epoch 30/50] step 200, loss=2.8487
2025-11-23 13:17:45,078 [INFO] [Epoch 30/50] step 250, loss=2.7067
2025-11-23 13:18:02,491 [INFO] [Epoch 30/50] step 300, loss=2.7338
2025-11-23 13:18:20,742 [INFO] [Epoch 30/50] step 350, loss=2.7354
2025-11-23 13:18:28,788 [INFO] === Epoch 30/50 completed, avg_loss=2.7472 ===
2025-11-23 13:18:28,851 [INFO] [Checkpoint] Saved to ./ssl_outputs\simclr_epoch30.pth
2025-11-23 13:19:05,233 [INFO] [Epoch 31/50] step 50, loss=2.6907
2025-11-23 13:19:22,705 [INFO] [Epoch 31/50] step 100, loss=2.7292
2025-11-23 13:19:40,485 [INFO] [Epoch 31/50] step 150, loss=2.8420
2025-11-23 13:19:57,730 [INFO] [Epoch 31/50] step 200, loss=2.6404
2025-11-23 13:20:15,738 [INFO] [Epoch 31/50] step 250, loss=2.7496
2025-11-23 13:20:33,143 [INFO] [Epoch 31/50] step 300, loss=2.7445
2025-11-23 13:20:51,128 [INFO] [Epoch 31/50] step 350, loss=2.7506
2025-11-23 13:20:59,124 [INFO] === Epoch 31/50 completed, avg_loss=2.7333 ===
2025-11-23 13:20:59,170 [INFO] [Checkpoint] Saved to ./ssl_outputs\simclr_epoch31.pth
2025-11-23 13:21:35,918 [INFO] [Epoch 32/50] step 50, loss=2.8121
2025-11-23 13:21:53,376 [INFO] [Epoch 32/50] step 100, loss=2.7537
2025-11-23 13:22:11,319 [INFO] [Epoch 32/50] step 150, loss=2.7422
2025-11-23 13:22:29,350 [INFO] [Epoch 32/50] step 200, loss=2.7263
2025-11-23 13:22:48,357 [INFO] [Epoch 32/50] step 250, loss=2.7373
2025-11-23 13:23:06,410 [INFO] [Epoch 32/50] step 300, loss=2.6723
2025-11-23 13:23:25,007 [INFO] [Epoch 32/50] step 350, loss=2.6302
2025-11-23 13:23:33,162 [INFO] === Epoch 32/50 completed, avg_loss=2.7176 ===
2025-11-23 13:23:33,233 [INFO] [Checkpoint] Saved to ./ssl_outputs\simclr_epoch32.pth
2025-11-23 13:24:10,022 [INFO] [Epoch 33/50] step 50, loss=2.7560
2025-11-23 13:24:27,476 [INFO] [Epoch 33/50] step 100, loss=2.7323
2025-11-23 13:24:45,918 [INFO] [Epoch 33/50] step 150, loss=2.6276
2025-11-23 13:25:03,533 [INFO] [Epoch 33/50] step 200, loss=2.6686
2025-11-23 13:25:22,057 [INFO] [Epoch 33/50] step 250, loss=2.8447
2025-11-23 13:25:39,346 [INFO] [Epoch 33/50] step 300, loss=2.7221
2025-11-23 13:25:57,403 [INFO] [Epoch 33/50] step 350, loss=2.5900
2025-11-23 13:26:05,438 [INFO] === Epoch 33/50 completed, avg_loss=2.7113 ===
2025-11-23 13:26:05,482 [INFO] [Checkpoint] Saved to ./ssl_outputs\simclr_epoch33.pth
2025-11-23 13:26:41,797 [INFO] [Epoch 34/50] step 50, loss=2.6352
2025-11-23 13:26:59,298 [INFO] [Epoch 34/50] step 100, loss=2.6727
2025-11-23 13:27:17,236 [INFO] [Epoch 34/50] step 150, loss=2.6561
2025-11-23 13:27:34,491 [INFO] [Epoch 34/50] step 200, loss=2.7340
2025-11-23 13:27:52,315 [INFO] [Epoch 34/50] step 250, loss=2.5521
2025-11-23 13:28:09,733 [INFO] [Epoch 34/50] step 300, loss=2.7386
2025-11-23 13:28:27,453 [INFO] [Epoch 34/50] step 350, loss=2.7609
2025-11-23 13:28:35,530 [INFO] === Epoch 34/50 completed, avg_loss=2.6994 ===
2025-11-23 13:28:35,599 [INFO] [Checkpoint] Saved to ./ssl_outputs\simclr_epoch34.pth
2025-11-23 13:29:11,865 [INFO] [Epoch 35/50] step 50, loss=2.6402
2025-11-23 13:29:29,594 [INFO] [Epoch 35/50] step 100, loss=2.6366
2025-11-23 13:29:47,428 [INFO] [Epoch 35/50] step 150, loss=2.6260
2025-11-23 13:30:04,970 [INFO] [Epoch 35/50] step 200, loss=2.6432
2025-11-23 13:30:22,745 [INFO] [Epoch 35/50] step 250, loss=2.8193
2025-11-23 13:30:40,098 [INFO] [Epoch 35/50] step 300, loss=2.7974
2025-11-23 13:30:58,067 [INFO] [Epoch 35/50] step 350, loss=2.8060
2025-11-23 13:31:06,281 [INFO] === Epoch 35/50 completed, avg_loss=2.6949 ===
2025-11-23 13:31:06,327 [INFO] [Checkpoint] Saved to ./ssl_outputs\simclr_epoch35.pth
2025-11-23 13:31:42,281 [INFO] [Epoch 36/50] step 50, loss=2.7546
2025-11-23 13:31:59,568 [INFO] [Epoch 36/50] step 100, loss=2.7048
2025-11-23 13:32:17,414 [INFO] [Epoch 36/50] step 150, loss=2.7030
2025-11-23 13:32:35,070 [INFO] [Epoch 36/50] step 200, loss=2.6171
2025-11-23 13:32:52,255 [INFO] [Epoch 36/50] step 250, loss=2.7435
2025-11-23 13:33:10,143 [INFO] [Epoch 36/50] step 300, loss=2.6856
2025-11-23 13:33:27,699 [INFO] [Epoch 36/50] step 350, loss=2.6808
2025-11-23 13:33:36,421 [INFO] === Epoch 36/50 completed, avg_loss=2.6865 ===
2025-11-23 13:33:36,473 [INFO] [Checkpoint] Saved to ./ssl_outputs\simclr_epoch36.pth
2025-11-23 13:34:11,948 [INFO] [Epoch 37/50] step 50, loss=2.7087
2025-11-23 13:34:29,884 [INFO] [Epoch 37/50] step 100, loss=2.7040
2025-11-23 13:34:47,766 [INFO] [Epoch 37/50] step 150, loss=2.6867
2025-11-23 13:35:05,086 [INFO] [Epoch 37/50] step 200, loss=2.5908
2025-11-23 13:35:23,077 [INFO] [Epoch 37/50] step 250, loss=2.8313
2025-11-23 13:35:40,483 [INFO] [Epoch 37/50] step 300, loss=2.5733
2025-11-23 13:35:58,726 [INFO] [Epoch 37/50] step 350, loss=2.7121
2025-11-23 13:36:06,946 [INFO] === Epoch 37/50 completed, avg_loss=2.6711 ===
2025-11-23 13:36:07,021 [INFO] [Checkpoint] Saved to ./ssl_outputs\simclr_epoch37.pth
2025-11-23 13:36:42,881 [INFO] [Epoch 38/50] step 50, loss=2.5691
2025-11-23 13:37:00,182 [INFO] [Epoch 38/50] step 100, loss=2.7212
2025-11-23 13:37:17,984 [INFO] [Epoch 38/50] step 150, loss=2.6333
2025-11-23 13:37:35,617 [INFO] [Epoch 38/50] step 200, loss=2.6506
2025-11-23 13:37:53,395 [INFO] [Epoch 38/50] step 250, loss=2.6548
2025-11-23 13:38:11,072 [INFO] [Epoch 38/50] step 300, loss=2.6252
2025-11-23 13:38:28,491 [INFO] [Epoch 38/50] step 350, loss=2.7181
2025-11-23 13:38:36,743 [INFO] === Epoch 38/50 completed, avg_loss=2.6687 ===
2025-11-23 13:38:36,795 [INFO] [Checkpoint] Saved to ./ssl_outputs\simclr_epoch38.pth
2025-11-23 13:39:13,025 [INFO] [Epoch 39/50] step 50, loss=2.6681
2025-11-23 13:39:30,421 [INFO] [Epoch 39/50] step 100, loss=2.5875
2025-11-23 13:39:48,171 [INFO] [Epoch 39/50] step 150, loss=2.7573
2025-11-23 13:40:05,794 [INFO] [Epoch 39/50] step 200, loss=2.5608
2025-11-23 13:40:23,707 [INFO] [Epoch 39/50] step 250, loss=2.6004
2025-11-23 13:40:41,207 [INFO] [Epoch 39/50] step 300, loss=2.5805
2025-11-23 13:40:58,988 [INFO] [Epoch 39/50] step 350, loss=2.6996
2025-11-23 13:41:07,376 [INFO] === Epoch 39/50 completed, avg_loss=2.6613 ===
2025-11-23 13:41:07,423 [INFO] [Checkpoint] Saved to ./ssl_outputs\simclr_epoch39.pth
2025-11-23 13:41:43,123 [INFO] [Epoch 40/50] step 50, loss=2.7330
2025-11-23 13:42:00,457 [INFO] [Epoch 40/50] step 100, loss=2.7280
2025-11-23 13:42:18,762 [INFO] [Epoch 40/50] step 150, loss=2.6529
2025-11-23 13:42:36,265 [INFO] [Epoch 40/50] step 200, loss=2.6852
2025-11-23 13:42:54,348 [INFO] [Epoch 40/50] step 250, loss=2.5827
2025-11-23 13:43:11,827 [INFO] [Epoch 40/50] step 300, loss=2.7189
2025-11-23 13:43:29,947 [INFO] [Epoch 40/50] step 350, loss=2.6635
2025-11-23 13:43:38,104 [INFO] === Epoch 40/50 completed, avg_loss=2.6579 ===
2025-11-23 13:43:38,164 [INFO] [Checkpoint] Saved to ./ssl_outputs\simclr_epoch40.pth
2025-11-23 13:44:14,700 [INFO] [Epoch 41/50] step 50, loss=2.6266
2025-11-23 13:44:32,082 [INFO] [Epoch 41/50] step 100, loss=2.7195
2025-11-23 13:44:50,031 [INFO] [Epoch 41/50] step 150, loss=2.5601
2025-11-23 13:45:07,483 [INFO] [Epoch 41/50] step 200, loss=2.7225
2025-11-23 13:45:25,328 [INFO] [Epoch 41/50] step 250, loss=2.6851
2025-11-23 13:45:42,681 [INFO] [Epoch 41/50] step 300, loss=2.6615
2025-11-23 13:46:00,935 [INFO] [Epoch 41/50] step 350, loss=2.6210
2025-11-23 13:46:09,187 [INFO] === Epoch 41/50 completed, avg_loss=2.6433 ===
2025-11-23 13:46:09,247 [INFO] [Checkpoint] Saved to ./ssl_outputs\simclr_epoch41.pth
2025-11-23 13:46:44,860 [INFO] [Epoch 42/50] step 50, loss=2.6750
2025-11-23 13:47:02,334 [INFO] [Epoch 42/50] step 100, loss=2.6533
2025-11-23 13:47:20,271 [INFO] [Epoch 42/50] step 150, loss=2.5907
2025-11-23 13:47:37,444 [INFO] [Epoch 42/50] step 200, loss=2.6168
2025-11-23 13:47:55,377 [INFO] [Epoch 42/50] step 250, loss=2.6758
2025-11-23 13:48:12,636 [INFO] [Epoch 42/50] step 300, loss=2.5912
2025-11-23 13:48:30,820 [INFO] [Epoch 42/50] step 350, loss=2.7289
2025-11-23 13:48:39,004 [INFO] === Epoch 42/50 completed, avg_loss=2.6351 ===
2025-11-23 13:48:39,075 [INFO] [Checkpoint] Saved to ./ssl_outputs\simclr_epoch42.pth
2025-11-23 13:49:15,111 [INFO] [Epoch 43/50] step 50, loss=2.5707
2025-11-23 13:49:32,579 [INFO] [Epoch 43/50] step 100, loss=2.5620
2025-11-23 13:49:50,667 [INFO] [Epoch 43/50] step 150, loss=2.6601
2025-11-23 13:50:08,024 [INFO] [Epoch 43/50] step 200, loss=2.5921
2025-11-23 13:50:26,171 [INFO] [Epoch 43/50] step 250, loss=2.6006
2025-11-23 13:50:43,475 [INFO] [Epoch 43/50] step 300, loss=2.5674
2025-11-23 13:51:01,503 [INFO] [Epoch 43/50] step 350, loss=2.7538
2025-11-23 13:51:09,768 [INFO] === Epoch 43/50 completed, avg_loss=2.6353 ===
2025-11-23 13:51:09,827 [INFO] [Checkpoint] Saved to ./ssl_outputs\simclr_epoch43.pth
2025-11-23 13:51:45,520 [INFO] [Epoch 44/50] step 50, loss=2.7397
2025-11-23 13:52:03,162 [INFO] [Epoch 44/50] step 100, loss=2.5825
2025-11-23 13:52:21,100 [INFO] [Epoch 44/50] step 150, loss=2.5741
2025-11-23 13:52:38,533 [INFO] [Epoch 44/50] step 200, loss=2.6173
2025-11-23 13:52:56,348 [INFO] [Epoch 44/50] step 250, loss=2.5532
2025-11-23 13:53:13,801 [INFO] [Epoch 44/50] step 300, loss=2.7211
2025-11-23 13:53:31,923 [INFO] [Epoch 44/50] step 350, loss=2.6181
2025-11-23 13:53:40,154 [INFO] === Epoch 44/50 completed, avg_loss=2.6281 ===
2025-11-23 13:53:40,222 [INFO] [Checkpoint] Saved to ./ssl_outputs\simclr_epoch44.pth
2025-11-23 13:54:15,926 [INFO] [Epoch 45/50] step 50, loss=2.5696
2025-11-23 13:54:33,552 [INFO] [Epoch 45/50] step 100, loss=2.5972
2025-11-23 13:54:51,577 [INFO] [Epoch 45/50] step 150, loss=2.5182
2025-11-23 13:55:08,907 [INFO] [Epoch 45/50] step 200, loss=2.6771
2025-11-23 13:55:26,576 [INFO] [Epoch 45/50] step 250, loss=2.6548
2025-11-23 13:55:44,196 [INFO] [Epoch 45/50] step 300, loss=2.6103
2025-11-23 13:56:02,250 [INFO] [Epoch 45/50] step 350, loss=2.5741
2025-11-23 13:56:10,307 [INFO] === Epoch 45/50 completed, avg_loss=2.6198 ===
2025-11-23 13:56:10,367 [INFO] [Checkpoint] Saved to ./ssl_outputs\simclr_epoch45.pth
2025-11-23 13:56:46,372 [INFO] [Epoch 46/50] step 50, loss=2.6753
2025-11-23 13:57:03,816 [INFO] [Epoch 46/50] step 100, loss=2.5488
2025-11-23 13:57:21,877 [INFO] [Epoch 46/50] step 150, loss=2.6389
2025-11-23 13:57:39,177 [INFO] [Epoch 46/50] step 200, loss=2.6036
2025-11-23 13:57:57,456 [INFO] [Epoch 46/50] step 250, loss=2.5812
2025-11-23 13:58:14,721 [INFO] [Epoch 46/50] step 300, loss=2.6000
2025-11-23 13:58:32,936 [INFO] [Epoch 46/50] step 350, loss=2.5903
2025-11-23 13:58:41,137 [INFO] === Epoch 46/50 completed, avg_loss=2.6170 ===
2025-11-23 13:58:41,200 [INFO] [Checkpoint] Saved to ./ssl_outputs\simclr_epoch46.pth
2025-11-23 13:59:17,374 [INFO] [Epoch 47/50] step 50, loss=2.7158
2025-11-23 13:59:34,513 [INFO] [Epoch 47/50] step 100, loss=2.6511
2025-11-23 13:59:52,503 [INFO] [Epoch 47/50] step 150, loss=2.7803
2025-11-23 14:00:09,929 [INFO] [Epoch 47/50] step 200, loss=2.6479
2025-11-23 14:00:27,717 [INFO] [Epoch 47/50] step 250, loss=2.5419
2025-11-23 14:00:45,620 [INFO] [Epoch 47/50] step 300, loss=2.6495
2025-11-23 14:01:03,075 [INFO] [Epoch 47/50] step 350, loss=2.6452
2025-11-23 14:01:11,898 [INFO] === Epoch 47/50 completed, avg_loss=2.6069 ===
2025-11-23 14:01:11,953 [INFO] [Checkpoint] Saved to ./ssl_outputs\simclr_epoch47.pth
2025-11-23 14:01:47,920 [INFO] [Epoch 48/50] step 50, loss=2.5599
2025-11-23 14:02:05,369 [INFO] [Epoch 48/50] step 100, loss=2.7327
2025-11-23 14:02:23,632 [INFO] [Epoch 48/50] step 150, loss=2.5893
2025-11-23 14:02:41,049 [INFO] [Epoch 48/50] step 200, loss=2.5850
2025-11-23 14:02:59,043 [INFO] [Epoch 48/50] step 250, loss=2.7682
2025-11-23 14:03:16,411 [INFO] [Epoch 48/50] step 300, loss=2.6924
2025-11-23 14:03:34,431 [INFO] [Epoch 48/50] step 350, loss=2.5698
2025-11-23 14:03:42,647 [INFO] === Epoch 48/50 completed, avg_loss=2.6056 ===
2025-11-23 14:03:42,707 [INFO] [Checkpoint] Saved to ./ssl_outputs\simclr_epoch48.pth
2025-11-23 14:04:18,987 [INFO] [Epoch 49/50] step 50, loss=2.6819
2025-11-23 14:04:36,687 [INFO] [Epoch 49/50] step 100, loss=2.5545
2025-11-23 14:04:54,531 [INFO] [Epoch 49/50] step 150, loss=2.5328
2025-11-23 14:05:11,541 [INFO] [Epoch 49/50] step 200, loss=2.7047
2025-11-23 14:05:29,289 [INFO] [Epoch 49/50] step 250, loss=2.6643
2025-11-23 14:05:46,546 [INFO] [Epoch 49/50] step 300, loss=2.5671
2025-11-23 14:06:04,240 [INFO] [Epoch 49/50] step 350, loss=2.6174
2025-11-23 14:06:12,512 [INFO] === Epoch 49/50 completed, avg_loss=2.6038 ===
2025-11-23 14:06:12,582 [INFO] [Checkpoint] Saved to ./ssl_outputs\simclr_epoch49.pth
2025-11-23 14:06:49,006 [INFO] [Epoch 50/50] step 50, loss=2.5399
2025-11-23 14:07:06,637 [INFO] [Epoch 50/50] step 100, loss=2.7078
2025-11-23 14:07:25,007 [INFO] [Epoch 50/50] step 150, loss=2.5957
2025-11-23 14:07:42,239 [INFO] [Epoch 50/50] step 200, loss=2.4970
2025-11-23 14:08:00,244 [INFO] [Epoch 50/50] step 250, loss=2.7463
2025-11-23 14:08:17,566 [INFO] [Epoch 50/50] step 300, loss=2.5158
2025-11-23 14:08:35,628 [INFO] [Epoch 50/50] step 350, loss=2.5979
2025-11-23 14:08:43,783 [INFO] === Epoch 50/50 completed, avg_loss=2.6007 ===
2025-11-23 14:08:43,839 [INFO] [Checkpoint] Saved to ./ssl_outputs\simclr_epoch50.pth
2025-11-23 14:08:43,839 [INFO] ===== Step 1: SimCLR 自监督预训练结束 =====
2025-11-23 14:08:43,839 [INFO] [ALL] 使用最后一轮自监督权重: ./ssl_outputs\simclr_epoch50.pth
2025-11-23 14:08:43,839 [INFO] ===== Step 2: 特征抽取开始 =====
2025-11-23 14:08:43,883 [INFO] [Feature Extract] 从 ../../weight/efficientnet_b0_rwightman-3dd342df.pth 加载 encoder 预训练权重（strict=False）
2025-11-23 14:08:43,945 [INFO] [Feature Extract] Loaded encoder weights. Missing keys: 309, Unexpected keys: 360
2025-11-23 14:08:43,945 [INFO] [Feature Extract] 从自监督 checkpoint ./ssl_outputs\simclr_epoch50.pth 加载权重（只取 encoder 部分）
2025-11-23 14:08:44,007 [INFO] [Feature Extract] Loaded encoder from SimCLR. Missing keys: 0, Unexpected keys: 0
2025-11-23 14:08:44,296 [INFO] [AllImagesDataset] 共找到 11883 张图像用于特征抽取。
2025-11-23 14:09:05,026 [INFO] [Feature Extract] step 50/372
2025-11-23 14:09:07,955 [INFO] [Feature Extract] step 100/372
2025-11-23 14:09:10,596 [INFO] [Feature Extract] step 150/372
2025-11-23 14:09:13,310 [INFO] [Feature Extract] step 200/372
2025-11-23 14:09:15,854 [INFO] [Feature Extract] step 250/372
2025-11-23 14:09:18,770 [INFO] [Feature Extract] step 300/372
2025-11-23 14:09:21,498 [INFO] [Feature Extract] step 350/372
2025-11-23 14:09:23,499 [INFO] [Feature Extract] 特征保存到 ./ssl_outputs\features_all.npy
2025-11-23 14:09:23,499 [INFO] [Feature Extract] 元数据保存到 ./ssl_outputs\features_meta.csv
2025-11-23 14:09:23,499 [INFO] ===== Step 2: 特征抽取结束 =====
2025-11-23 14:09:23,514 [INFO] ===== Step 3: KMeans 聚类（Prototype 学习）开始 =====
2025-11-23 14:09:23,536 [INFO] [Cluster] 加载特征：11883 个实例，特征维度 1280
2025-11-23 14:09:23,566 [INFO] [Cluster] 开始 KMeans 聚类，K=128
2025-11-23 14:10:17,649 [INFO] [Cluster] meta+cluster 保存到 ./ssl_outputs\features_meta_with_cluster.csv
2025-11-23 14:10:17,649 [INFO] [Cluster] prototype centers 保存到 ./ssl_outputs\prototypes_centers.npy
2025-11-23 14:10:17,649 [INFO] [Cluster] assignment 保存到 ./ssl_outputs\prototypes_assignments.npy
2025-11-23 14:10:17,649 [INFO] ===== Step 3: KMeans 聚类结束 =====
2025-11-25 09:21:29,776 [INFO] Using device: cuda
2025-11-25 09:21:29,780 [INFO] ===== Step 2: 特征抽取开始 =====
2025-11-25 09:21:29,843 [INFO] [Feature Extract] 从 ../../weight/efficientnet_b0_rwightman-3dd342df.pth 加载 encoder 预训练权重（strict=False）
2025-11-25 09:21:29,922 [INFO] [Feature Extract] Loaded encoder weights. Missing keys: 309, Unexpected keys: 360
2025-11-25 09:21:29,922 [INFO] [Feature Extract] 从自监督 checkpoint ./ssl_outputs/simclr_epoch50.pth 加载权重（只取 encoder 部分）
2025-11-25 09:21:30,012 [INFO] [Feature Extract] Loaded encoder from SimCLR. Missing keys: 0, Unexpected keys: 0
2025-11-25 09:21:30,609 [INFO] [AllImagesDataset] 共找到 11883 张图像用于特征抽取。
2025-11-25 09:57:49,479 [INFO] Using device: cuda
2025-11-25 09:57:49,479 [INFO] ===== Step 2: 特征抽取开始 =====
2025-11-25 09:57:49,533 [INFO] [Feature Extract] 从 ../../weight/efficientnet_b0_rwightman-3dd342df.pth 加载 encoder 预训练权重（strict=False）
2025-11-25 09:57:49,591 [INFO] [Feature Extract] Loaded encoder weights. Missing keys: 309, Unexpected keys: 360
2025-11-25 09:57:49,591 [INFO] [Feature Extract] 从自监督 checkpoint ./ssl_outputs/simclr_epoch50.pth 加载权重（只取 encoder 部分）
2025-11-25 09:57:49,664 [INFO] [Feature Extract] Loaded encoder from SimCLR. Missing keys: 0, Unexpected keys: 0
2025-11-25 09:57:50,342 [INFO] [AllImagesDataset] 共找到 11883 张图像用于特征抽取。
2025-11-25 09:58:23,168 [INFO] [Feature Extract] step 20/93
2025-11-25 09:58:27,529 [INFO] [Feature Extract] step 40/93
2025-11-25 09:58:31,663 [INFO] [Feature Extract] step 60/93
2025-11-25 09:58:36,618 [INFO] [Feature Extract] step 80/93
2025-11-25 09:58:49,283 [INFO] [Feature Extract] 特征保存到 ./ssl_outputs\features_all.npy，shape = (11883, 1280)
2025-11-25 09:58:49,283 [INFO] [Feature Extract] 元数据保存到 ./ssl_outputs\features_meta.csv（含 patient_id, image_path）
2025-11-25 09:58:49,283 [INFO] ===== Step 2: 特征抽取结束 =====
2025-11-25 09:59:29,299 [INFO] Using device: cuda
2025-11-25 09:59:29,300 [INFO] ===== Step 3: KMeans 聚类（Prototype 学习）开始 =====
2025-11-25 09:59:29,324 [INFO] [Cluster] 加载特征：11883 个实例，特征维度 1280
2025-11-25 09:59:29,359 [INFO] [Cluster] 开始 KMeans 聚类，K=128
2025-11-25 10:00:21,732 [INFO] [Cluster] meta+cluster 保存到 ./ssl_outputs\features_meta_with_cluster.csv
2025-11-25 10:00:21,732 [INFO] [Cluster] prototype centers 保存到 ./ssl_outputs\prototypes_centers.npy
2025-11-25 10:00:21,732 [INFO] [Cluster] assignment 保存到 ./ssl_outputs\prototypes_assignments.npy
2025-11-25 10:00:21,732 [INFO] ===== Step 3: KMeans 聚类结束 =====
