===== STAGE-2 CONFIG =====
feat_dir: ./encoder_features
labels_csv: ./labels.xlsx
clinic_pt: ./clinic_features.pt
run_name: run3
label_cols: ['内分泌代谢疾病']
architecture: attention
max_feats: 16
instance_strategy: random
use_combined_loss: True
epochs: 70
batch_size: 4
lr: 0.0001
weight_decay: 0.0001
auc_weight: 0.0
folds: 5
seed: 42
==========================


===== Stage-2 Fold 1/5 =====
Fold 1: train=166, val=43
Epoch 001: loss=0.6443 AUROC=0.4891 AUPRC=0.5551 Sens@95Spec=0.0870 Brier=0.2602 ✓ NEW BEST
Epoch 002: loss=0.5499 AUROC=0.6652 AUPRC=0.6682 Sens@95Spec=0.0435 Brier=0.2289 ✓ NEW BEST
Epoch 003: loss=0.4493 AUROC=0.5804 AUPRC=0.6869 Sens@95Spec=0.3043 Brier=0.2485
Epoch 004: loss=0.4251 AUROC=0.5478 AUPRC=0.5973 Sens@95Spec=0.0870 Brier=0.2636
Epoch 005: loss=0.3807 AUROC=0.5652 AUPRC=0.6207 Sens@95Spec=0.1739 Brier=0.2763
Epoch 006: loss=0.3062 AUROC=0.6565 AUPRC=0.7026 Sens@95Spec=0.2174 Brier=0.2550
Epoch 007: loss=0.2927 AUROC=0.5957 AUPRC=0.6720 Sens@95Spec=0.1739 Brier=0.2634
Epoch 008: loss=0.2330 AUROC=0.6565 AUPRC=0.6868 Sens@95Spec=0.2174 Brier=0.2606
Epoch 009: loss=0.2159 AUROC=0.6761 AUPRC=0.7045 Sens@95Spec=0.1739 Brier=0.2491 ✓ NEW BEST
Epoch 010: loss=0.2308 AUROC=0.6435 AUPRC=0.7089 Sens@95Spec=0.2174 Brier=0.2736
Epoch 011: loss=0.1959 AUROC=0.7022 AUPRC=0.6887 Sens@95Spec=0.0870 Brier=0.2216 ✓ NEW BEST
Epoch 012: loss=0.1451 AUROC=0.6391 AUPRC=0.6909 Sens@95Spec=0.1739 Brier=0.2924
Epoch 013: loss=0.1758 AUROC=0.7109 AUPRC=0.7486 Sens@95Spec=0.2174 Brier=0.2544 ✓ NEW BEST
Epoch 014: loss=0.1451 AUROC=0.6478 AUPRC=0.6804 Sens@95Spec=0.1739 Brier=0.2935
Epoch 015: loss=0.1258 AUROC=0.5848 AUPRC=0.6433 Sens@95Spec=0.1304 Brier=0.3191
Epoch 016: loss=0.1025 AUROC=0.6804 AUPRC=0.7556 Sens@95Spec=0.3913 Brier=0.2844
Epoch 017: loss=0.1100 AUROC=0.6022 AUPRC=0.6752 Sens@95Spec=0.2174 Brier=0.3264
Epoch 018: loss=0.0991 AUROC=0.6891 AUPRC=0.7550 Sens@95Spec=0.3043 Brier=0.2820
Epoch 019: loss=0.0726 AUROC=0.6283 AUPRC=0.7061 Sens@95Spec=0.2174 Brier=0.3068
Epoch 020: loss=0.0959 AUROC=0.6435 AUPRC=0.6640 Sens@95Spec=0.0870 Brier=0.2827
Epoch 021: loss=0.0678 AUROC=0.6174 AUPRC=0.6929 Sens@95Spec=0.2609 Brier=0.3204
Epoch 022: loss=0.0640 AUROC=0.5630 AUPRC=0.6223 Sens@95Spec=0.0870 Brier=0.3511
Epoch 023: loss=0.0598 AUROC=0.6348 AUPRC=0.6453 Sens@95Spec=0.0870 Brier=0.3032
Epoch 024: loss=0.0706 AUROC=0.6826 AUPRC=0.7294 Sens@95Spec=0.2609 Brier=0.3049
Epoch 025: loss=0.0466 AUROC=0.6500 AUPRC=0.7024 Sens@95Spec=0.2174 Brier=0.3107
Epoch 026: loss=0.0714 AUROC=0.6152 AUPRC=0.6872 Sens@95Spec=0.2174 Brier=0.3679
Epoch 027: loss=0.0428 AUROC=0.6174 AUPRC=0.6479 Sens@95Spec=0.0870 Brier=0.3116
Epoch 028: loss=0.0539 AUROC=0.6043 AUPRC=0.6626 Sens@95Spec=0.1739 Brier=0.3457
Epoch 029: loss=0.0358 AUROC=0.6935 AUPRC=0.7188 Sens@95Spec=0.2174 Brier=0.2986
Epoch 030: loss=0.0396 AUROC=0.6500 AUPRC=0.7050 Sens@95Spec=0.3043 Brier=0.3515
Epoch 031: loss=0.0317 AUROC=0.6587 AUPRC=0.6865 Sens@95Spec=0.2174 Brier=0.3061
Epoch 032: loss=0.0485 AUROC=0.6609 AUPRC=0.7096 Sens@95Spec=0.2609 Brier=0.3305
Epoch 033: loss=0.0243 AUROC=0.6630 AUPRC=0.7102 Sens@95Spec=0.2174 Brier=0.3259
Epoch 034: loss=0.0326 AUROC=0.6109 AUPRC=0.6786 Sens@95Spec=0.2174 Brier=0.3402
Epoch 035: loss=0.0312 AUROC=0.6391 AUPRC=0.6664 Sens@95Spec=0.2174 Brier=0.3386
Epoch 036: loss=0.0287 AUROC=0.6543 AUPRC=0.6957 Sens@95Spec=0.2609 Brier=0.3095
Epoch 037: loss=0.0434 AUROC=0.5913 AUPRC=0.6645 Sens@95Spec=0.1739 Brier=0.4015
Epoch 038: loss=0.0362 AUROC=0.6500 AUPRC=0.7076 Sens@95Spec=0.2609 Brier=0.3519
Epoch 039: loss=0.0229 AUROC=0.6609 AUPRC=0.7043 Sens@95Spec=0.2609 Brier=0.3291
Epoch 040: loss=0.0278 AUROC=0.5826 AUPRC=0.6510 Sens@95Spec=0.1739 Brier=0.3659
Epoch 041: loss=0.0234 AUROC=0.6348 AUPRC=0.6963 Sens@95Spec=0.2609 Brier=0.3462
Epoch 042: loss=0.0244 AUROC=0.6413 AUPRC=0.6910 Sens@95Spec=0.3043 Brier=0.3139
Epoch 043: loss=0.0294 AUROC=0.6326 AUPRC=0.6753 Sens@95Spec=0.1739 Brier=0.3396
Epoch 044: loss=0.0166 AUROC=0.6283 AUPRC=0.6907 Sens@95Spec=0.2609 Brier=0.3564
Epoch 045: loss=0.0236 AUROC=0.6391 AUPRC=0.6999 Sens@95Spec=0.2174 Brier=0.3086
Epoch 046: loss=0.0275 AUROC=0.6109 AUPRC=0.6649 Sens@95Spec=0.2174 Brier=0.3647
Epoch 047: loss=0.0214 AUROC=0.6348 AUPRC=0.6746 Sens@95Spec=0.2174 Brier=0.3499
Epoch 048: loss=0.0216 AUROC=0.6022 AUPRC=0.6491 Sens@95Spec=0.1304 Brier=0.3366
Epoch 049: loss=0.0267 AUROC=0.5957 AUPRC=0.6426 Sens@95Spec=0.0870 Brier=0.3662
Epoch 050: loss=0.0449 AUROC=0.5478 AUPRC=0.6366 Sens@95Spec=0.2174 Brier=0.4194
Epoch 051: loss=0.0315 AUROC=0.6000 AUPRC=0.6722 Sens@95Spec=0.2174 Brier=0.3408
Epoch 052: loss=0.0259 AUROC=0.6217 AUPRC=0.6732 Sens@95Spec=0.2609 Brier=0.3366
Epoch 053: loss=0.0228 AUROC=0.6609 AUPRC=0.6836 Sens@95Spec=0.1739 Brier=0.3241
Epoch 054: loss=0.0168 AUROC=0.5739 AUPRC=0.6469 Sens@95Spec=0.2609 Brier=0.3918
Epoch 055: loss=0.0143 AUROC=0.6283 AUPRC=0.6722 Sens@95Spec=0.2174 Brier=0.3635
Epoch 056: loss=0.0370 AUROC=0.6370 AUPRC=0.6804 Sens@95Spec=0.2174 Brier=0.3467
Epoch 057: loss=0.0881 AUROC=0.6543 AUPRC=0.7062 Sens@95Spec=0.2174 Brier=0.3153
Epoch 058: loss=0.0223 AUROC=0.6217 AUPRC=0.6508 Sens@95Spec=0.1739 Brier=0.3298
Epoch 059: loss=0.0219 AUROC=0.6326 AUPRC=0.6901 Sens@95Spec=0.2174 Brier=0.3271
Epoch 060: loss=0.0138 AUROC=0.6261 AUPRC=0.6777 Sens@95Spec=0.2174 Brier=0.3296
Epoch 061: loss=0.0237 AUROC=0.6935 AUPRC=0.7269 Sens@95Spec=0.3043 Brier=0.3081
Epoch 062: loss=0.0199 AUROC=0.6543 AUPRC=0.7034 Sens@95Spec=0.2174 Brier=0.3040
Epoch 063: loss=0.0226 AUROC=0.5413 AUPRC=0.6268 Sens@95Spec=0.2174 Brier=0.4042
Epoch 064: loss=0.0171 AUROC=0.6435 AUPRC=0.6865 Sens@95Spec=0.2174 Brier=0.3105
Epoch 065: loss=0.0254 AUROC=0.6087 AUPRC=0.6820 Sens@95Spec=0.2174 Brier=0.3495
Epoch 066: loss=0.0229 AUROC=0.5935 AUPRC=0.6391 Sens@95Spec=0.2174 Brier=0.3691
Epoch 067: loss=0.0242 AUROC=0.6217 AUPRC=0.6657 Sens@95Spec=0.2174 Brier=0.3326
Epoch 068: loss=0.0126 AUROC=0.6174 AUPRC=0.6807 Sens@95Spec=0.2174 Brier=0.3495
Epoch 069: loss=0.0195 AUROC=0.5783 AUPRC=0.6498 Sens@95Spec=0.2174 Brier=0.3497
Epoch 070: loss=0.0135 AUROC=0.6174 AUPRC=0.6550 Sens@95Spec=0.1739 Brier=0.3390
Fold 1 BEST | AUROC=0.7109 AUPRC=0.7486 Sens@95Spec=0.2174 Brier=0.2544

===== Stage-2 Fold 2/5 =====
Fold 2: train=167, val=42
Epoch 001: loss=0.6324 AUROC=0.7409 AUPRC=0.7753 Sens@95Spec=0.3182 Brier=0.2260 ✓ NEW BEST
Epoch 002: loss=0.5283 AUROC=0.5295 AUPRC=0.6358 Sens@95Spec=0.2727 Brier=0.2715
Epoch 003: loss=0.4484 AUROC=0.5682 AUPRC=0.6112 Sens@95Spec=0.1364 Brier=0.2610
Epoch 004: loss=0.4247 AUROC=0.6386 AUPRC=0.6891 Sens@95Spec=0.1818 Brier=0.2527
Epoch 005: loss=0.3772 AUROC=0.4455 AUPRC=0.5117 Sens@95Spec=0.1364 Brier=0.3254
Epoch 006: loss=0.3152 AUROC=0.4864 AUPRC=0.5845 Sens@95Spec=0.1818 Brier=0.3280
Epoch 007: loss=0.2479 AUROC=0.5091 AUPRC=0.5713 Sens@95Spec=0.0909 Brier=0.3271
Epoch 008: loss=0.2600 AUROC=0.5023 AUPRC=0.5189 Sens@95Spec=0.0000 Brier=0.3140
Epoch 009: loss=0.1936 AUROC=0.5341 AUPRC=0.5752 Sens@95Spec=0.0909 Brier=0.3234
Epoch 010: loss=0.2215 AUROC=0.3932 AUPRC=0.5253 Sens@95Spec=0.1364 Brier=0.4219
Epoch 011: loss=0.1802 AUROC=0.4773 AUPRC=0.5824 Sens@95Spec=0.1364 Brier=0.3900
Epoch 012: loss=0.2175 AUROC=0.5318 AUPRC=0.5674 Sens@95Spec=0.0455 Brier=0.3547
Epoch 013: loss=0.1643 AUROC=0.5114 AUPRC=0.5519 Sens@95Spec=0.0000 Brier=0.3504
Epoch 014: loss=0.1093 AUROC=0.5409 AUPRC=0.6230 Sens@95Spec=0.2273 Brier=0.3376
Epoch 015: loss=0.1238 AUROC=0.5091 AUPRC=0.5855 Sens@95Spec=0.1364 Brier=0.3664
Epoch 016: loss=0.1654 AUROC=0.5409 AUPRC=0.5603 Sens@95Spec=0.0000 Brier=0.3418
Epoch 017: loss=0.1224 AUROC=0.5455 AUPRC=0.5550 Sens@95Spec=0.0455 Brier=0.3666
Epoch 018: loss=0.1250 AUROC=0.4545 AUPRC=0.5670 Sens@95Spec=0.1364 Brier=0.4166
Epoch 019: loss=0.1292 AUROC=0.4591 AUPRC=0.5342 Sens@95Spec=0.0455 Brier=0.3918
Epoch 020: loss=0.1127 AUROC=0.5477 AUPRC=0.5851 Sens@95Spec=0.0909 Brier=0.3803
Epoch 021: loss=0.1121 AUROC=0.4773 AUPRC=0.5369 Sens@95Spec=0.0455 Brier=0.3989
Epoch 022: loss=0.0959 AUROC=0.5295 AUPRC=0.6115 Sens@95Spec=0.1364 Brier=0.3865
Epoch 023: loss=0.1095 AUROC=0.4455 AUPRC=0.5141 Sens@95Spec=0.0455 Brier=0.4319
Epoch 024: loss=0.1121 AUROC=0.6000 AUPRC=0.6898 Sens@95Spec=0.1818 Brier=0.3289
Epoch 025: loss=0.0778 AUROC=0.5523 AUPRC=0.5741 Sens@95Spec=0.0455 Brier=0.3400
Epoch 026: loss=0.1083 AUROC=0.5000 AUPRC=0.5600 Sens@95Spec=0.0455 Brier=0.3755
Epoch 027: loss=0.0908 AUROC=0.5727 AUPRC=0.6126 Sens@95Spec=0.0909 Brier=0.3306
Epoch 028: loss=0.1007 AUROC=0.5318 AUPRC=0.5714 Sens@95Spec=0.0909 Brier=0.3698
Epoch 029: loss=0.0599 AUROC=0.5750 AUPRC=0.6394 Sens@95Spec=0.1818 Brier=0.3441
Epoch 030: loss=0.1033 AUROC=0.5455 AUPRC=0.6085 Sens@95Spec=0.0909 Brier=0.3643
Epoch 031: loss=0.0881 AUROC=0.5477 AUPRC=0.6507 Sens@95Spec=0.2273 Brier=0.3985
Epoch 032: loss=0.0419 AUROC=0.5841 AUPRC=0.6291 Sens@95Spec=0.1364 Brier=0.3439
Epoch 033: loss=0.0627 AUROC=0.5386 AUPRC=0.5848 Sens@95Spec=0.0909 Brier=0.3628
Epoch 034: loss=0.1135 AUROC=0.5455 AUPRC=0.5871 Sens@95Spec=0.0909 Brier=0.3795
Epoch 035: loss=0.0648 AUROC=0.5000 AUPRC=0.5287 Sens@95Spec=0.0000 Brier=0.3806
Epoch 036: loss=0.0726 AUROC=0.6773 AUPRC=0.7093 Sens@95Spec=0.1364 Brier=0.2815
Epoch 037: loss=0.0691 AUROC=0.5341 AUPRC=0.6011 Sens@95Spec=0.2727 Brier=0.3903
Epoch 038: loss=0.0861 AUROC=0.5205 AUPRC=0.5728 Sens@95Spec=0.0455 Brier=0.3954
Epoch 039: loss=0.0589 AUROC=0.4682 AUPRC=0.5459 Sens@95Spec=0.0455 Brier=0.4164
Epoch 040: loss=0.0480 AUROC=0.4977 AUPRC=0.6018 Sens@95Spec=0.2273 Brier=0.4241
Epoch 041: loss=0.0645 AUROC=0.5682 AUPRC=0.6043 Sens@95Spec=0.0909 Brier=0.3392
Epoch 042: loss=0.0676 AUROC=0.5045 AUPRC=0.5531 Sens@95Spec=0.1364 Brier=0.4007
Epoch 043: loss=0.0602 AUROC=0.6227 AUPRC=0.6360 Sens@95Spec=0.1364 Brier=0.3117
Epoch 044: loss=0.0792 AUROC=0.5455 AUPRC=0.5957 Sens@95Spec=0.0909 Brier=0.3807
Epoch 045: loss=0.0365 AUROC=0.6227 AUPRC=0.6358 Sens@95Spec=0.1364 Brier=0.3160
Epoch 046: loss=0.0719 AUROC=0.5318 AUPRC=0.5620 Sens@95Spec=0.0455 Brier=0.3725
Epoch 047: loss=0.0591 AUROC=0.4659 AUPRC=0.5234 Sens@95Spec=0.0455 Brier=0.4373
Epoch 048: loss=0.0457 AUROC=0.5682 AUPRC=0.6353 Sens@95Spec=0.1818 Brier=0.3704
Epoch 049: loss=0.0546 AUROC=0.5477 AUPRC=0.5870 Sens@95Spec=0.0909 Brier=0.3791
Epoch 050: loss=0.0387 AUROC=0.4750 AUPRC=0.5328 Sens@95Spec=0.0000 Brier=0.4067
Epoch 051: loss=0.0351 AUROC=0.5227 AUPRC=0.5870 Sens@95Spec=0.0455 Brier=0.3820
Epoch 052: loss=0.0551 AUROC=0.5091 AUPRC=0.5357 Sens@95Spec=0.0455 Brier=0.4147
Epoch 053: loss=0.0624 AUROC=0.5068 AUPRC=0.5493 Sens@95Spec=0.0455 Brier=0.4061
Epoch 054: loss=0.0777 AUROC=0.4773 AUPRC=0.5208 Sens@95Spec=0.0455 Brier=0.4148
Epoch 055: loss=0.0751 AUROC=0.6341 AUPRC=0.6489 Sens@95Spec=0.0909 Brier=0.3003
Epoch 056: loss=0.0726 AUROC=0.6000 AUPRC=0.6148 Sens@95Spec=0.0909 Brier=0.3181
Epoch 057: loss=0.0576 AUROC=0.5932 AUPRC=0.6034 Sens@95Spec=0.0455 Brier=0.3342
Epoch 058: loss=0.0561 AUROC=0.5114 AUPRC=0.5508 Sens@95Spec=0.0455 Brier=0.3791
Epoch 059: loss=0.0824 AUROC=0.5614 AUPRC=0.6117 Sens@95Spec=0.0909 Brier=0.3645
Epoch 060: loss=0.0500 AUROC=0.6136 AUPRC=0.6761 Sens@95Spec=0.2727 Brier=0.3363
Epoch 061: loss=0.0516 AUROC=0.5682 AUPRC=0.6471 Sens@95Spec=0.1364 Brier=0.3478
Epoch 062: loss=0.0534 AUROC=0.5455 AUPRC=0.5988 Sens@95Spec=0.0909 Brier=0.3676
Epoch 063: loss=0.0815 AUROC=0.4841 AUPRC=0.5740 Sens@95Spec=0.0909 Brier=0.4236
Epoch 064: loss=0.0397 AUROC=0.5295 AUPRC=0.5681 Sens@95Spec=0.0455 Brier=0.3654
Epoch 065: loss=0.0533 AUROC=0.5205 AUPRC=0.5374 Sens@95Spec=0.0000 Brier=0.3865
Epoch 066: loss=0.0734 AUROC=0.5659 AUPRC=0.6049 Sens@95Spec=0.0909 Brier=0.3282
Epoch 067: loss=0.0593 AUROC=0.5364 AUPRC=0.6081 Sens@95Spec=0.1364 Brier=0.3507
Epoch 068: loss=0.0356 AUROC=0.6523 AUPRC=0.7194 Sens@95Spec=0.3182 Brier=0.2970
Epoch 069: loss=0.0519 AUROC=0.5000 AUPRC=0.5212 Sens@95Spec=0.0000 Brier=0.3725
Epoch 070: loss=0.0938 AUROC=0.5409 AUPRC=0.5896 Sens@95Spec=0.1364 Brier=0.3573
Fold 2 BEST | AUROC=0.7409 AUPRC=0.7753 Sens@95Spec=0.3182 Brier=0.2260

===== Stage-2 Fold 3/5 =====
Fold 3: train=167, val=42
Epoch 001: loss=0.6100 AUROC=0.4455 AUPRC=0.5446 Sens@95Spec=0.1364 Brier=0.2816 ✓ NEW BEST
Epoch 002: loss=0.4571 AUROC=0.6045 AUPRC=0.6444 Sens@95Spec=0.1818 Brier=0.2429 ✓ NEW BEST
Epoch 003: loss=0.4118 AUROC=0.4500 AUPRC=0.5605 Sens@95Spec=0.1364 Brier=0.3250
Epoch 004: loss=0.3709 AUROC=0.6159 AUPRC=0.7105 Sens@95Spec=0.2727 Brier=0.2687 ✓ NEW BEST
Epoch 005: loss=0.2648 AUROC=0.6250 AUPRC=0.6872 Sens@95Spec=0.2273 Brier=0.2611 ✓ NEW BEST
Epoch 006: loss=0.2806 AUROC=0.5682 AUPRC=0.6523 Sens@95Spec=0.1818 Brier=0.3097
Epoch 007: loss=0.2477 AUROC=0.6273 AUPRC=0.6884 Sens@95Spec=0.2273 Brier=0.2861 ✓ NEW BEST
Epoch 008: loss=0.2046 AUROC=0.6045 AUPRC=0.6282 Sens@95Spec=0.1364 Brier=0.2911
Epoch 009: loss=0.2602 AUROC=0.6341 AUPRC=0.7466 Sens@95Spec=0.4091 Brier=0.2870 ✓ NEW BEST
Epoch 010: loss=0.1910 AUROC=0.5932 AUPRC=0.6761 Sens@95Spec=0.2273 Brier=0.3449
Epoch 011: loss=0.1677 AUROC=0.6114 AUPRC=0.6426 Sens@95Spec=0.1364 Brier=0.3098
Epoch 012: loss=0.1594 AUROC=0.5273 AUPRC=0.6443 Sens@95Spec=0.2273 Brier=0.3699
Epoch 013: loss=0.2103 AUROC=0.7500 AUPRC=0.7634 Sens@95Spec=0.3636 Brier=0.2264 ✓ NEW BEST
Epoch 014: loss=0.1402 AUROC=0.6659 AUPRC=0.7157 Sens@95Spec=0.2273 Brier=0.2856
Epoch 015: loss=0.1092 AUROC=0.6068 AUPRC=0.6677 Sens@95Spec=0.1818 Brier=0.3243
Epoch 016: loss=0.0983 AUROC=0.6295 AUPRC=0.7254 Sens@95Spec=0.4091 Brier=0.3123
Epoch 017: loss=0.1087 AUROC=0.5614 AUPRC=0.6364 Sens@95Spec=0.1364 Brier=0.3665
Epoch 018: loss=0.0980 AUROC=0.6568 AUPRC=0.7060 Sens@95Spec=0.2727 Brier=0.3169
Epoch 019: loss=0.1050 AUROC=0.5841 AUPRC=0.6180 Sens@95Spec=0.0455 Brier=0.3410
Epoch 020: loss=0.0788 AUROC=0.6091 AUPRC=0.6674 Sens@95Spec=0.2727 Brier=0.3389
Epoch 021: loss=0.0826 AUROC=0.5841 AUPRC=0.6494 Sens@95Spec=0.2273 Brier=0.3459
Epoch 022: loss=0.0750 AUROC=0.6205 AUPRC=0.6591 Sens@95Spec=0.1364 Brier=0.3567
Epoch 023: loss=0.0577 AUROC=0.5886 AUPRC=0.6106 Sens@95Spec=0.0909 Brier=0.3322
Epoch 024: loss=0.0703 AUROC=0.5886 AUPRC=0.6177 Sens@95Spec=0.1364 Brier=0.3567
Epoch 025: loss=0.0547 AUROC=0.6500 AUPRC=0.6895 Sens@95Spec=0.1818 Brier=0.3071
Epoch 026: loss=0.0596 AUROC=0.6341 AUPRC=0.6766 Sens@95Spec=0.2727 Brier=0.3330
Epoch 027: loss=0.0588 AUROC=0.6068 AUPRC=0.6661 Sens@95Spec=0.1818 Brier=0.3336
Epoch 028: loss=0.0652 AUROC=0.6614 AUPRC=0.7051 Sens@95Spec=0.2273 Brier=0.2970
Epoch 029: loss=0.0391 AUROC=0.6523 AUPRC=0.6728 Sens@95Spec=0.1364 Brier=0.3172
Epoch 030: loss=0.0385 AUROC=0.6500 AUPRC=0.7386 Sens@95Spec=0.3636 Brier=0.3280
Epoch 031: loss=0.0338 AUROC=0.6705 AUPRC=0.7234 Sens@95Spec=0.3182 Brier=0.3179
Epoch 032: loss=0.0435 AUROC=0.5864 AUPRC=0.6774 Sens@95Spec=0.3182 Brier=0.3749
Epoch 033: loss=0.0438 AUROC=0.5977 AUPRC=0.6440 Sens@95Spec=0.2273 Brier=0.3667
Epoch 034: loss=0.0342 AUROC=0.6932 AUPRC=0.7157 Sens@95Spec=0.4091 Brier=0.3055
Epoch 035: loss=0.0200 AUROC=0.6568 AUPRC=0.6980 Sens@95Spec=0.4091 Brier=0.3332
Epoch 036: loss=0.0341 AUROC=0.6432 AUPRC=0.7136 Sens@95Spec=0.1818 Brier=0.3473
Epoch 037: loss=0.0384 AUROC=0.5614 AUPRC=0.5813 Sens@95Spec=0.1364 Brier=0.3860
Epoch 038: loss=0.0331 AUROC=0.6523 AUPRC=0.6972 Sens@95Spec=0.2273 Brier=0.3228
Epoch 039: loss=0.0300 AUROC=0.6500 AUPRC=0.6735 Sens@95Spec=0.0909 Brier=0.3083
Epoch 040: loss=0.0357 AUROC=0.6727 AUPRC=0.6374 Sens@95Spec=0.0000 Brier=0.2877
Epoch 041: loss=0.0518 AUROC=0.6295 AUPRC=0.7236 Sens@95Spec=0.4091 Brier=0.3571
Epoch 042: loss=0.0221 AUROC=0.6409 AUPRC=0.6711 Sens@95Spec=0.1364 Brier=0.3251
Epoch 043: loss=0.0597 AUROC=0.7114 AUPRC=0.7154 Sens@95Spec=0.1364 Brier=0.2714
Epoch 044: loss=0.0374 AUROC=0.6591 AUPRC=0.7076 Sens@95Spec=0.1818 Brier=0.3347
Epoch 045: loss=0.0348 AUROC=0.6477 AUPRC=0.7058 Sens@95Spec=0.2273 Brier=0.3349
Epoch 046: loss=0.0317 AUROC=0.6364 AUPRC=0.6804 Sens@95Spec=0.1818 Brier=0.3272
Epoch 047: loss=0.0185 AUROC=0.7045 AUPRC=0.7484 Sens@95Spec=0.2273 Brier=0.3051
Epoch 048: loss=0.0194 AUROC=0.6136 AUPRC=0.6050 Sens@95Spec=0.0000 Brier=0.3544
Epoch 049: loss=0.0590 AUROC=0.6318 AUPRC=0.6549 Sens@95Spec=0.1364 Brier=0.3333
Epoch 050: loss=0.0214 AUROC=0.6341 AUPRC=0.6505 Sens@95Spec=0.1364 Brier=0.3121
Epoch 051: loss=0.0314 AUROC=0.6841 AUPRC=0.7281 Sens@95Spec=0.2727 Brier=0.3052
Epoch 052: loss=0.0360 AUROC=0.6523 AUPRC=0.7039 Sens@95Spec=0.1818 Brier=0.3263
Epoch 053: loss=0.0350 AUROC=0.6000 AUPRC=0.6563 Sens@95Spec=0.2727 Brier=0.3662
Epoch 054: loss=0.0443 AUROC=0.5727 AUPRC=0.6408 Sens@95Spec=0.1818 Brier=0.4011
Epoch 055: loss=0.0180 AUROC=0.6250 AUPRC=0.6504 Sens@95Spec=0.1818 Brier=0.3136
Epoch 056: loss=0.0236 AUROC=0.6636 AUPRC=0.7109 Sens@95Spec=0.2273 Brier=0.3083
Epoch 057: loss=0.0355 AUROC=0.6432 AUPRC=0.6709 Sens@95Spec=0.1818 Brier=0.3222
Epoch 058: loss=0.0225 AUROC=0.6409 AUPRC=0.6261 Sens@95Spec=0.0909 Brier=0.3242
Epoch 059: loss=0.0256 AUROC=0.6409 AUPRC=0.6754 Sens@95Spec=0.0909 Brier=0.3779
Epoch 060: loss=0.0309 AUROC=0.6705 AUPRC=0.7156 Sens@95Spec=0.3182 Brier=0.3250
Epoch 061: loss=0.0363 AUROC=0.6386 AUPRC=0.7040 Sens@95Spec=0.2727 Brier=0.3477
Epoch 062: loss=0.0197 AUROC=0.6159 AUPRC=0.6654 Sens@95Spec=0.0909 Brier=0.3538
Epoch 063: loss=0.0268 AUROC=0.6455 AUPRC=0.6565 Sens@95Spec=0.1818 Brier=0.3300
Epoch 064: loss=0.0166 AUROC=0.6295 AUPRC=0.6380 Sens@95Spec=0.0455 Brier=0.3240
Epoch 065: loss=0.0393 AUROC=0.6614 AUPRC=0.7219 Sens@95Spec=0.2273 Brier=0.3379
Epoch 066: loss=0.0248 AUROC=0.6341 AUPRC=0.6741 Sens@95Spec=0.1364 Brier=0.3657
Epoch 067: loss=0.0177 AUROC=0.6477 AUPRC=0.7080 Sens@95Spec=0.2727 Brier=0.3403
Epoch 068: loss=0.0314 AUROC=0.5727 AUPRC=0.6276 Sens@95Spec=0.1364 Brier=0.3594
Epoch 069: loss=0.0399 AUROC=0.6091 AUPRC=0.6287 Sens@95Spec=0.0909 Brier=0.3467
Epoch 070: loss=0.0260 AUROC=0.6500 AUPRC=0.6803 Sens@95Spec=0.2727 Brier=0.3449
Fold 3 BEST | AUROC=0.7500 AUPRC=0.7634 Sens@95Spec=0.3636 Brier=0.2264

===== Stage-2 Fold 4/5 =====
Fold 4: train=168, val=41
Epoch 001: loss=0.6203 AUROC=0.6148 AUPRC=0.6694 Sens@95Spec=0.1364 Brier=0.2356 ✓ NEW BEST
Epoch 002: loss=0.5404 AUROC=0.4761 AUPRC=0.6471 Sens@95Spec=0.1818 Brier=0.2866
Epoch 003: loss=0.4600 AUROC=0.6172 AUPRC=0.6616 Sens@95Spec=0.0455 Brier=0.2619 ✓ NEW BEST
Epoch 004: loss=0.3808 AUROC=0.6699 AUPRC=0.7354 Sens@95Spec=0.1364 Brier=0.2322 ✓ NEW BEST
Epoch 005: loss=0.3497 AUROC=0.5861 AUPRC=0.6128 Sens@95Spec=0.0455 Brier=0.2766
Epoch 006: loss=0.2916 AUROC=0.6340 AUPRC=0.6644 Sens@95Spec=0.0455 Brier=0.2767
Epoch 007: loss=0.2802 AUROC=0.6196 AUPRC=0.6447 Sens@95Spec=0.0455 Brier=0.2693
Epoch 008: loss=0.2351 AUROC=0.6675 AUPRC=0.6516 Sens@95Spec=0.0455 Brier=0.2389
Epoch 009: loss=0.1975 AUROC=0.6986 AUPRC=0.7097 Sens@95Spec=0.0909 Brier=0.2553 ✓ NEW BEST
Epoch 010: loss=0.1790 AUROC=0.7632 AUPRC=0.7577 Sens@95Spec=0.0455 Brier=0.2146 ✓ NEW BEST
Epoch 011: loss=0.2024 AUROC=0.6244 AUPRC=0.6602 Sens@95Spec=0.0455 Brier=0.2923
Epoch 012: loss=0.1985 AUROC=0.7010 AUPRC=0.6886 Sens@95Spec=0.0455 Brier=0.2287
Epoch 013: loss=0.1229 AUROC=0.7392 AUPRC=0.7657 Sens@95Spec=0.0909 Brier=0.2240
Epoch 014: loss=0.1731 AUROC=0.6411 AUPRC=0.6752 Sens@95Spec=0.0455 Brier=0.2864
Epoch 015: loss=0.1571 AUROC=0.6579 AUPRC=0.6735 Sens@95Spec=0.0455 Brier=0.2848
Epoch 016: loss=0.0834 AUROC=0.6890 AUPRC=0.6926 Sens@95Spec=0.0455 Brier=0.2833
Epoch 017: loss=0.1262 AUROC=0.7225 AUPRC=0.7490 Sens@95Spec=0.0455 Brier=0.2909
Epoch 018: loss=0.0882 AUROC=0.6603 AUPRC=0.6523 Sens@95Spec=0.0455 Brier=0.2750
Epoch 019: loss=0.0816 AUROC=0.6603 AUPRC=0.6837 Sens@95Spec=0.0455 Brier=0.2969
Epoch 020: loss=0.0748 AUROC=0.6651 AUPRC=0.6574 Sens@95Spec=0.0455 Brier=0.2558
Epoch 021: loss=0.0694 AUROC=0.7081 AUPRC=0.7045 Sens@95Spec=0.0455 Brier=0.2654
Epoch 022: loss=0.0528 AUROC=0.7057 AUPRC=0.7115 Sens@95Spec=0.0455 Brier=0.2623
Epoch 023: loss=0.0536 AUROC=0.6770 AUPRC=0.6835 Sens@95Spec=0.0455 Brier=0.2748
Epoch 024: loss=0.0660 AUROC=0.7201 AUPRC=0.6975 Sens@95Spec=0.0455 Brier=0.2553
Epoch 025: loss=0.0509 AUROC=0.7344 AUPRC=0.7341 Sens@95Spec=0.0455 Brier=0.2448
Epoch 026: loss=0.0425 AUROC=0.7273 AUPRC=0.7171 Sens@95Spec=0.0455 Brier=0.2462
Epoch 027: loss=0.0352 AUROC=0.7751 AUPRC=0.7547 Sens@95Spec=0.0455 Brier=0.2003 ✓ NEW BEST
Epoch 028: loss=0.0327 AUROC=0.7321 AUPRC=0.7345 Sens@95Spec=0.0455 Brier=0.2951
Epoch 029: loss=0.0464 AUROC=0.6220 AUPRC=0.6354 Sens@95Spec=0.0455 Brier=0.3030
Epoch 030: loss=0.0534 AUROC=0.7153 AUPRC=0.7171 Sens@95Spec=0.0455 Brier=0.2614
Epoch 031: loss=0.0553 AUROC=0.6914 AUPRC=0.7097 Sens@95Spec=0.0455 Brier=0.3038
Epoch 032: loss=0.0446 AUROC=0.6579 AUPRC=0.6758 Sens@95Spec=0.0455 Brier=0.2857
Epoch 033: loss=0.0692 AUROC=0.7273 AUPRC=0.7268 Sens@95Spec=0.0455 Brier=0.2303
Epoch 034: loss=0.0651 AUROC=0.6770 AUPRC=0.7194 Sens@95Spec=0.0455 Brier=0.2950
Epoch 035: loss=0.0535 AUROC=0.7057 AUPRC=0.6787 Sens@95Spec=0.0000 Brier=0.2479
Epoch 036: loss=0.0416 AUROC=0.6986 AUPRC=0.7052 Sens@95Spec=0.0455 Brier=0.2727
Epoch 037: loss=0.0820 AUROC=0.6483 AUPRC=0.6510 Sens@95Spec=0.0455 Brier=0.2800
Epoch 038: loss=0.0330 AUROC=0.6962 AUPRC=0.7138 Sens@95Spec=0.0455 Brier=0.2827
Epoch 039: loss=0.0339 AUROC=0.6938 AUPRC=0.6840 Sens@95Spec=0.0455 Brier=0.2854
Epoch 040: loss=0.0586 AUROC=0.7249 AUPRC=0.7278 Sens@95Spec=0.0455 Brier=0.2556
Epoch 041: loss=0.0363 AUROC=0.7201 AUPRC=0.7016 Sens@95Spec=0.0455 Brier=0.2612
Epoch 042: loss=0.0201 AUROC=0.6938 AUPRC=0.7177 Sens@95Spec=0.0455 Brier=0.3014
Epoch 043: loss=0.0320 AUROC=0.6866 AUPRC=0.6935 Sens@95Spec=0.0455 Brier=0.2763
Epoch 044: loss=0.0366 AUROC=0.7081 AUPRC=0.7008 Sens@95Spec=0.0455 Brier=0.2967
Epoch 045: loss=0.0258 AUROC=0.6734 AUPRC=0.6648 Sens@95Spec=0.0000 Brier=0.2970
Epoch 046: loss=0.0271 AUROC=0.7273 AUPRC=0.7086 Sens@95Spec=0.0455 Brier=0.2358
Epoch 047: loss=0.0212 AUROC=0.6722 AUPRC=0.6765 Sens@95Spec=0.0455 Brier=0.2929
Epoch 048: loss=0.0266 AUROC=0.6962 AUPRC=0.6950 Sens@95Spec=0.0455 Brier=0.2658
Epoch 049: loss=0.0214 AUROC=0.6914 AUPRC=0.6785 Sens@95Spec=0.0455 Brier=0.2479
Epoch 050: loss=0.0215 AUROC=0.7297 AUPRC=0.7110 Sens@95Spec=0.0455 Brier=0.2449
Epoch 051: loss=0.0226 AUROC=0.6579 AUPRC=0.6697 Sens@95Spec=0.0455 Brier=0.3004
Epoch 052: loss=0.0238 AUROC=0.7344 AUPRC=0.7285 Sens@95Spec=0.0455 Brier=0.2450
Epoch 053: loss=0.0283 AUROC=0.6100 AUPRC=0.6368 Sens@95Spec=0.0455 Brier=0.3175
Epoch 054: loss=0.0205 AUROC=0.7392 AUPRC=0.7176 Sens@95Spec=0.0000 Brier=0.2339
Epoch 055: loss=0.0241 AUROC=0.7321 AUPRC=0.7250 Sens@95Spec=0.0455 Brier=0.2325
Epoch 056: loss=0.0252 AUROC=0.7488 AUPRC=0.7361 Sens@95Spec=0.0455 Brier=0.2645
Epoch 057: loss=0.0360 AUROC=0.6890 AUPRC=0.6947 Sens@95Spec=0.0455 Brier=0.2662
Epoch 058: loss=0.0155 AUROC=0.7632 AUPRC=0.7594 Sens@95Spec=0.0455 Brier=0.2396
Epoch 059: loss=0.0268 AUROC=0.6316 AUPRC=0.6569 Sens@95Spec=0.0455 Brier=0.3346
Epoch 060: loss=0.0300 AUROC=0.7344 AUPRC=0.6813 Sens@95Spec=0.0000 Brier=0.2635
Epoch 061: loss=0.0188 AUROC=0.6890 AUPRC=0.6874 Sens@95Spec=0.0455 Brier=0.2815
Epoch 062: loss=0.0165 AUROC=0.7249 AUPRC=0.7208 Sens@95Spec=0.0455 Brier=0.2675
Epoch 063: loss=0.0171 AUROC=0.7249 AUPRC=0.7029 Sens@95Spec=0.0000 Brier=0.2437
Epoch 064: loss=0.0178 AUROC=0.7249 AUPRC=0.7161 Sens@95Spec=0.0455 Brier=0.2527
Epoch 065: loss=0.0395 AUROC=0.8134 AUPRC=0.7957 Sens@95Spec=0.0455 Brier=0.1804 ✓ NEW BEST
Epoch 066: loss=0.0226 AUROC=0.7261 AUPRC=0.7025 Sens@95Spec=0.0000 Brier=0.2601
Epoch 067: loss=0.0188 AUROC=0.6651 AUPRC=0.6491 Sens@95Spec=0.0455 Brier=0.2689
Epoch 068: loss=0.0224 AUROC=0.7033 AUPRC=0.7030 Sens@95Spec=0.0455 Brier=0.2636
Epoch 069: loss=0.0187 AUROC=0.7153 AUPRC=0.7186 Sens@95Spec=0.0455 Brier=0.2337
Epoch 070: loss=0.0238 AUROC=0.7321 AUPRC=0.6918 Sens@95Spec=0.0000 Brier=0.2207
Fold 4 BEST | AUROC=0.8134 AUPRC=0.7957 Sens@95Spec=0.0455 Brier=0.1804

===== Stage-2 Fold 5/5 =====
Fold 5: train=168, val=41
Epoch 001: loss=0.6076 AUROC=0.4476 AUPRC=0.4730 Sens@95Spec=0.0476 Brier=0.3092 ✓ NEW BEST
Epoch 002: loss=0.4743 AUROC=0.4667 AUPRC=0.5015 Sens@95Spec=0.0000 Brier=0.3146 ✓ NEW BEST
Epoch 003: loss=0.4453 AUROC=0.4214 AUPRC=0.5101 Sens@95Spec=0.0476 Brier=0.3316
Epoch 004: loss=0.4197 AUROC=0.5214 AUPRC=0.5346 Sens@95Spec=0.0476 Brier=0.3014 ✓ NEW BEST
Epoch 005: loss=0.4232 AUROC=0.6000 AUPRC=0.5916 Sens@95Spec=0.0476 Brier=0.2714 ✓ NEW BEST
Epoch 006: loss=0.3133 AUROC=0.6524 AUPRC=0.5886 Sens@95Spec=0.0476 Brier=0.2420 ✓ NEW BEST
Epoch 007: loss=0.3363 AUROC=0.6405 AUPRC=0.6184 Sens@95Spec=0.0476 Brier=0.2525
Epoch 008: loss=0.2769 AUROC=0.6024 AUPRC=0.5871 Sens@95Spec=0.0952 Brier=0.2982
Epoch 009: loss=0.2085 AUROC=0.6310 AUPRC=0.6295 Sens@95Spec=0.1429 Brier=0.3088
Epoch 010: loss=0.2374 AUROC=0.5524 AUPRC=0.5558 Sens@95Spec=0.0476 Brier=0.3298
Epoch 011: loss=0.2089 AUROC=0.6214 AUPRC=0.6358 Sens@95Spec=0.0952 Brier=0.2902
Epoch 012: loss=0.1746 AUROC=0.6452 AUPRC=0.6002 Sens@95Spec=0.0476 Brier=0.2764
Epoch 013: loss=0.1596 AUROC=0.5952 AUPRC=0.6207 Sens@95Spec=0.0952 Brier=0.3040
Epoch 014: loss=0.1535 AUROC=0.5262 AUPRC=0.5422 Sens@95Spec=0.0476 Brier=0.3560
Epoch 015: loss=0.1662 AUROC=0.6262 AUPRC=0.6373 Sens@95Spec=0.1429 Brier=0.3191
Epoch 016: loss=0.1233 AUROC=0.5952 AUPRC=0.6301 Sens@95Spec=0.1429 Brier=0.3303
Epoch 017: loss=0.1028 AUROC=0.6452 AUPRC=0.6482 Sens@95Spec=0.1429 Brier=0.3062
Epoch 018: loss=0.1170 AUROC=0.5095 AUPRC=0.5351 Sens@95Spec=0.0476 Brier=0.3710
Epoch 019: loss=0.0885 AUROC=0.6095 AUPRC=0.6404 Sens@95Spec=0.1429 Brier=0.3368
Epoch 020: loss=0.1003 AUROC=0.6238 AUPRC=0.6291 Sens@95Spec=0.0476 Brier=0.3433
Epoch 021: loss=0.1164 AUROC=0.5786 AUPRC=0.6323 Sens@95Spec=0.1429 Brier=0.3354
Epoch 022: loss=0.0835 AUROC=0.6429 AUPRC=0.6475 Sens@95Spec=0.1429 Brier=0.2855
Epoch 023: loss=0.0801 AUROC=0.6405 AUPRC=0.6440 Sens@95Spec=0.0952 Brier=0.3283
Epoch 024: loss=0.0722 AUROC=0.6071 AUPRC=0.5865 Sens@95Spec=0.0952 Brier=0.3338
Epoch 025: loss=0.1279 AUROC=0.6262 AUPRC=0.6615 Sens@95Spec=0.2381 Brier=0.3300
Epoch 026: loss=0.0768 AUROC=0.6024 AUPRC=0.6346 Sens@95Spec=0.1429 Brier=0.3445
Epoch 027: loss=0.0777 AUROC=0.6071 AUPRC=0.6117 Sens@95Spec=0.1429 Brier=0.3358
Epoch 028: loss=0.0799 AUROC=0.7095 AUPRC=0.7084 Sens@95Spec=0.1429 Brier=0.2366 ✓ NEW BEST
Epoch 029: loss=0.1091 AUROC=0.6452 AUPRC=0.7149 Sens@95Spec=0.2857 Brier=0.3376
Epoch 030: loss=0.0720 AUROC=0.6643 AUPRC=0.6558 Sens@95Spec=0.1429 Brier=0.2857
Epoch 031: loss=0.0563 AUROC=0.6762 AUPRC=0.6411 Sens@95Spec=0.0952 Brier=0.2785
Epoch 032: loss=0.0575 AUROC=0.6000 AUPRC=0.6788 Sens@95Spec=0.3333 Brier=0.3548
Epoch 033: loss=0.0631 AUROC=0.5952 AUPRC=0.6276 Sens@95Spec=0.1429 Brier=0.3599
Epoch 034: loss=0.0599 AUROC=0.6667 AUPRC=0.7010 Sens@95Spec=0.2381 Brier=0.2893
Epoch 035: loss=0.0783 AUROC=0.6476 AUPRC=0.6680 Sens@95Spec=0.1429 Brier=0.3167
Epoch 036: loss=0.0510 AUROC=0.5690 AUPRC=0.6022 Sens@95Spec=0.0952 Brier=0.3697
Epoch 037: loss=0.0499 AUROC=0.6238 AUPRC=0.6574 Sens@95Spec=0.1429 Brier=0.3252
Epoch 038: loss=0.0495 AUROC=0.6857 AUPRC=0.6932 Sens@95Spec=0.1429 Brier=0.2962
Epoch 039: loss=0.0501 AUROC=0.6095 AUPRC=0.6447 Sens@95Spec=0.1429 Brier=0.3377
Epoch 040: loss=0.0418 AUROC=0.6548 AUPRC=0.7091 Sens@95Spec=0.2857 Brier=0.3413
Epoch 041: loss=0.0322 AUROC=0.7262 AUPRC=0.7588 Sens@95Spec=0.3810 Brier=0.2939 ✓ NEW BEST
Epoch 042: loss=0.0375 AUROC=0.6595 AUPRC=0.7099 Sens@95Spec=0.1905 Brier=0.3524
Epoch 043: loss=0.0368 AUROC=0.7143 AUPRC=0.6952 Sens@95Spec=0.1429 Brier=0.2898
Epoch 044: loss=0.0235 AUROC=0.7119 AUPRC=0.7518 Sens@95Spec=0.3333 Brier=0.2829
Epoch 045: loss=0.0362 AUROC=0.6929 AUPRC=0.7347 Sens@95Spec=0.2381 Brier=0.3060
Epoch 046: loss=0.0381 AUROC=0.6310 AUPRC=0.6733 Sens@95Spec=0.1429 Brier=0.3411
Epoch 047: loss=0.0404 AUROC=0.6452 AUPRC=0.6433 Sens@95Spec=0.0952 Brier=0.3040
Epoch 048: loss=0.0497 AUROC=0.6286 AUPRC=0.6652 Sens@95Spec=0.2857 Brier=0.3901
Epoch 049: loss=0.0562 AUROC=0.6857 AUPRC=0.7021 Sens@95Spec=0.1429 Brier=0.3141
Epoch 050: loss=0.0366 AUROC=0.6786 AUPRC=0.6980 Sens@95Spec=0.2381 Brier=0.3072
Epoch 051: loss=0.0370 AUROC=0.6262 AUPRC=0.6638 Sens@95Spec=0.1429 Brier=0.3619
Epoch 052: loss=0.0410 AUROC=0.5929 AUPRC=0.6119 Sens@95Spec=0.1429 Brier=0.3739
Epoch 053: loss=0.0511 AUROC=0.6643 AUPRC=0.6781 Sens@95Spec=0.1905 Brier=0.3018
Epoch 054: loss=0.0486 AUROC=0.6024 AUPRC=0.6504 Sens@95Spec=0.1905 Brier=0.3577
Epoch 055: loss=0.0376 AUROC=0.6357 AUPRC=0.6564 Sens@95Spec=0.1429 Brier=0.3426
Epoch 056: loss=0.0377 AUROC=0.6786 AUPRC=0.7240 Sens@95Spec=0.2857 Brier=0.2972
Epoch 057: loss=0.0256 AUROC=0.6643 AUPRC=0.6975 Sens@95Spec=0.2381 Brier=0.3256
Epoch 058: loss=0.0289 AUROC=0.7000 AUPRC=0.7157 Sens@95Spec=0.3810 Brier=0.3193
Epoch 059: loss=0.0392 AUROC=0.6810 AUPRC=0.6886 Sens@95Spec=0.2381 Brier=0.3035
Epoch 060: loss=0.0377 AUROC=0.5976 AUPRC=0.6282 Sens@95Spec=0.1905 Brier=0.3751
Epoch 061: loss=0.0245 AUROC=0.6500 AUPRC=0.6815 Sens@95Spec=0.2381 Brier=0.3729
Epoch 062: loss=0.0264 AUROC=0.6524 AUPRC=0.6662 Sens@95Spec=0.0952 Brier=0.3474
Epoch 063: loss=0.0264 AUROC=0.6929 AUPRC=0.7270 Sens@95Spec=0.2381 Brier=0.2998
Epoch 064: loss=0.0202 AUROC=0.6548 AUPRC=0.6560 Sens@95Spec=0.0952 Brier=0.3091
Epoch 065: loss=0.0217 AUROC=0.6024 AUPRC=0.6275 Sens@95Spec=0.0952 Brier=0.3466
Epoch 066: loss=0.0318 AUROC=0.7024 AUPRC=0.7301 Sens@95Spec=0.4286 Brier=0.3216
Epoch 067: loss=0.0429 AUROC=0.6405 AUPRC=0.6814 Sens@95Spec=0.2857 Brier=0.3402
Epoch 068: loss=0.0175 AUROC=0.6190 AUPRC=0.6446 Sens@95Spec=0.1905 Brier=0.3593
Epoch 069: loss=0.0378 AUROC=0.6143 AUPRC=0.7013 Sens@95Spec=0.3333 Brier=0.3653
Epoch 070: loss=0.0318 AUROC=0.6881 AUPRC=0.6986 Sens@95Spec=0.3333 Brier=0.3089
Fold 5 BEST | AUROC=0.7262 AUPRC=0.7588 Sens@95Spec=0.3810 Brier=0.2939

===== STAGE-2 CROSS-VALIDATION SUMMARY (mean ± std) =====
AUC       : 0.7483 ± 0.0352
AUPRC     : 0.7684 ± 0.0161
SENS95    : 0.2651 ± 0.1237
BRIER     : 0.2362 ± 0.0374
