===== TRAINING START =====
feat_dir: ./encoder_features
labels_csv: ./labels.xlsx
label_cols: ['内分泌代谢疾病']
epochs: 100
batch_size: 4
lr: 0.0005
weight_decay: 0.0001
max_feats: 16
folds: 5
num_workers: 0
instance_strategy: random
architecture: attention
use_combined_loss: True
auc_weight: 0.5
seed: 42
run_name: run3
==========================

Single-label task: StratifiedKFold
Using device: cuda

===== Fold 1/5 =====
Epoch 001: loss=0.3982 AUROC=0.4826 AUPRC=0.5210 Sens@95Spec=0.0000 Brier=0.2658 ✓ NEW BEST
Epoch 002: loss=0.3832 AUROC=0.5543 AUPRC=0.6253 Sens@95Spec=0.1304 Brier=0.2546 ✓ NEW BEST
Epoch 003: loss=0.3781 AUROC=0.4978 AUPRC=0.5675 Sens@95Spec=0.0435 Brier=0.2544
Epoch 004: loss=0.3657 AUROC=0.4783 AUPRC=0.4994 Sens@95Spec=0.0000 Brier=0.2627
Epoch 005: loss=0.3587 AUROC=0.4370 AUPRC=0.5604 Sens@95Spec=0.1304 Brier=0.2747
Epoch 006: loss=0.3586 AUROC=0.5196 AUPRC=0.5639 Sens@95Spec=0.0435 Brier=0.2621
Epoch 007: loss=0.3520 AUROC=0.4261 AUPRC=0.5027 Sens@95Spec=0.0000 Brier=0.2814
Epoch 008: loss=0.3486 AUROC=0.5674 AUPRC=0.6472 Sens@95Spec=0.1304 Brier=0.2666 ✓ NEW BEST
Epoch 009: loss=0.3466 AUROC=0.6022 AUPRC=0.5792 Sens@95Spec=0.0435 Brier=0.2463 ✓ NEW BEST
Epoch 010: loss=0.3406 AUROC=0.5217 AUPRC=0.5725 Sens@95Spec=0.0435 Brier=0.2820
Epoch 011: loss=0.3293 AUROC=0.4130 AUPRC=0.4838 Sens@95Spec=0.0000 Brier=0.3119
Epoch 012: loss=0.3192 AUROC=0.4913 AUPRC=0.5367 Sens@95Spec=0.0870 Brier=0.2903
Epoch 013: loss=0.3188 AUROC=0.3957 AUPRC=0.5271 Sens@95Spec=0.0870 Brier=0.2911
Epoch 014: loss=0.3215 AUROC=0.3609 AUPRC=0.4796 Sens@95Spec=0.0435 Brier=0.3056
Epoch 015: loss=0.3160 AUROC=0.4413 AUPRC=0.5914 Sens@95Spec=0.1739 Brier=0.2927
Epoch 016: loss=0.3084 AUROC=0.4087 AUPRC=0.4899 Sens@95Spec=0.0870 Brier=0.2888
Epoch 017: loss=0.3102 AUROC=0.3978 AUPRC=0.4908 Sens@95Spec=0.0435 Brier=0.3083
Epoch 018: loss=0.2921 AUROC=0.5543 AUPRC=0.5404 Sens@95Spec=0.0000 Brier=0.2910
Epoch 019: loss=0.3110 AUROC=0.4652 AUPRC=0.5254 Sens@95Spec=0.0000 Brier=0.2920
Epoch 020: loss=0.3077 AUROC=0.4913 AUPRC=0.5934 Sens@95Spec=0.1304 Brier=0.2659
Epoch 021: loss=0.2779 AUROC=0.4565 AUPRC=0.4930 Sens@95Spec=0.0000 Brier=0.3277
Epoch 022: loss=0.2820 AUROC=0.5652 AUPRC=0.5919 Sens@95Spec=0.0435 Brier=0.2759
Epoch 023: loss=0.2815 AUROC=0.4109 AUPRC=0.4945 Sens@95Spec=0.0435 Brier=0.3081
Epoch 024: loss=0.2819 AUROC=0.4543 AUPRC=0.5801 Sens@95Spec=0.1304 Brier=0.2802
Epoch 025: loss=0.2749 AUROC=0.5109 AUPRC=0.5425 Sens@95Spec=0.0435 Brier=0.2882
Epoch 026: loss=0.2772 AUROC=0.3935 AUPRC=0.4637 Sens@95Spec=0.0000 Brier=0.3197
Epoch 027: loss=0.2863 AUROC=0.5696 AUPRC=0.5722 Sens@95Spec=0.0435 Brier=0.2692
Epoch 028: loss=0.2651 AUROC=0.5435 AUPRC=0.5761 Sens@95Spec=0.0435 Brier=0.2719
Epoch 029: loss=0.2648 AUROC=0.3761 AUPRC=0.5447 Sens@95Spec=0.1304 Brier=0.3158
Epoch 030: loss=0.2633 AUROC=0.5239 AUPRC=0.5696 Sens@95Spec=0.0870 Brier=0.2908
Epoch 031: loss=0.2717 AUROC=0.5913 AUPRC=0.6085 Sens@95Spec=0.2174 Brier=0.2708
Epoch 032: loss=0.2522 AUROC=0.4761 AUPRC=0.5268 Sens@95Spec=0.0435 Brier=0.2914
Epoch 033: loss=0.2636 AUROC=0.5326 AUPRC=0.6283 Sens@95Spec=0.2174 Brier=0.2678
Epoch 034: loss=0.2673 AUROC=0.5413 AUPRC=0.5581 Sens@95Spec=0.0000 Brier=0.2924
Epoch 035: loss=0.2449 AUROC=0.4848 AUPRC=0.5193 Sens@95Spec=0.0435 Brier=0.3101
Epoch 036: loss=0.2625 AUROC=0.6391 AUPRC=0.6577 Sens@95Spec=0.0870 Brier=0.2470 ✓ NEW BEST
Epoch 037: loss=0.2545 AUROC=0.4239 AUPRC=0.4813 Sens@95Spec=0.0435 Brier=0.3183
Epoch 038: loss=0.2570 AUROC=0.6196 AUPRC=0.6117 Sens@95Spec=0.0435 Brier=0.2624
Epoch 039: loss=0.2385 AUROC=0.5565 AUPRC=0.5751 Sens@95Spec=0.0870 Brier=0.2781
Epoch 040: loss=0.2489 AUROC=0.5043 AUPRC=0.5349 Sens@95Spec=0.0000 Brier=0.2933
Epoch 041: loss=0.2419 AUROC=0.6043 AUPRC=0.6362 Sens@95Spec=0.1304 Brier=0.2687
Epoch 042: loss=0.2423 AUROC=0.4587 AUPRC=0.4996 Sens@95Spec=0.0435 Brier=0.3091
Epoch 043: loss=0.2346 AUROC=0.6239 AUPRC=0.6530 Sens@95Spec=0.1739 Brier=0.2746
Epoch 044: loss=0.2463 AUROC=0.5804 AUPRC=0.5975 Sens@95Spec=0.1304 Brier=0.2801
Epoch 045: loss=0.2407 AUROC=0.4739 AUPRC=0.5669 Sens@95Spec=0.0870 Brier=0.3011
Epoch 046: loss=0.2473 AUROC=0.6196 AUPRC=0.6936 Sens@95Spec=0.2609 Brier=0.2476
Epoch 047: loss=0.2309 AUROC=0.5370 AUPRC=0.5465 Sens@95Spec=0.0870 Brier=0.3110
Epoch 048: loss=0.2357 AUROC=0.5826 AUPRC=0.6398 Sens@95Spec=0.1304 Brier=0.2680
Epoch 049: loss=0.2496 AUROC=0.5978 AUPRC=0.5590 Sens@95Spec=0.0000 Brier=0.2815
Epoch 050: loss=0.2185 AUROC=0.5413 AUPRC=0.6006 Sens@95Spec=0.0870 Brier=0.2857
Epoch 051: loss=0.2436 AUROC=0.5478 AUPRC=0.5385 Sens@95Spec=0.0000 Brier=0.2826
Epoch 052: loss=0.2256 AUROC=0.6065 AUPRC=0.6688 Sens@95Spec=0.1739 Brier=0.2744
Epoch 053: loss=0.2378 AUROC=0.4891 AUPRC=0.5150 Sens@95Spec=0.0000 Brier=0.3293
Epoch 054: loss=0.2352 AUROC=0.5413 AUPRC=0.6545 Sens@95Spec=0.2174 Brier=0.2791
Epoch 055: loss=0.2525 AUROC=0.5196 AUPRC=0.5743 Sens@95Spec=0.0435 Brier=0.2939
Epoch 056: loss=0.2187 AUROC=0.5413 AUPRC=0.5363 Sens@95Spec=0.0000 Brier=0.2991
Epoch 057: loss=0.2295 AUROC=0.4565 AUPRC=0.4922 Sens@95Spec=0.0000 Brier=0.3151
Epoch 058: loss=0.2340 AUROC=0.5043 AUPRC=0.5471 Sens@95Spec=0.0000 Brier=0.3127
Epoch 059: loss=0.2265 AUROC=0.5978 AUPRC=0.5802 Sens@95Spec=0.0435 Brier=0.2896
Epoch 060: loss=0.2207 AUROC=0.5630 AUPRC=0.5575 Sens@95Spec=0.0435 Brier=0.2960
Epoch 061: loss=0.2474 AUROC=0.5217 AUPRC=0.5363 Sens@95Spec=0.0000 Brier=0.3120
Epoch 062: loss=0.2344 AUROC=0.5261 AUPRC=0.5548 Sens@95Spec=0.0435 Brier=0.3050
Epoch 063: loss=0.2352 AUROC=0.5804 AUPRC=0.6363 Sens@95Spec=0.1739 Brier=0.2851
Epoch 064: loss=0.2204 AUROC=0.5109 AUPRC=0.5381 Sens@95Spec=0.0870 Brier=0.3158
Epoch 065: loss=0.2399 AUROC=0.5587 AUPRC=0.5918 Sens@95Spec=0.0870 Brier=0.2834
Epoch 066: loss=0.2308 AUROC=0.5761 AUPRC=0.5757 Sens@95Spec=0.0435 Brier=0.2938
Epoch 067: loss=0.2339 AUROC=0.4978 AUPRC=0.5153 Sens@95Spec=0.0000 Brier=0.3106
Epoch 068: loss=0.2233 AUROC=0.5957 AUPRC=0.6839 Sens@95Spec=0.2174 Brier=0.2649
Epoch 069: loss=0.2304 AUROC=0.5543 AUPRC=0.6456 Sens@95Spec=0.1739 Brier=0.2842
Epoch 070: loss=0.2246 AUROC=0.5413 AUPRC=0.5566 Sens@95Spec=0.0435 Brier=0.2951
Epoch 071: loss=0.2324 AUROC=0.4717 AUPRC=0.5235 Sens@95Spec=0.0435 Brier=0.3513
Epoch 072: loss=0.2142 AUROC=0.5522 AUPRC=0.6270 Sens@95Spec=0.1304 Brier=0.2918
Epoch 073: loss=0.2082 AUROC=0.5848 AUPRC=0.5676 Sens@95Spec=0.0000 Brier=0.2780
Epoch 074: loss=0.2157 AUROC=0.6413 AUPRC=0.6765 Sens@95Spec=0.1739 Brier=0.2690 ✓ NEW BEST
Epoch 075: loss=0.2333 AUROC=0.4413 AUPRC=0.4936 Sens@95Spec=0.0435 Brier=0.3451
Epoch 076: loss=0.2173 AUROC=0.4826 AUPRC=0.5453 Sens@95Spec=0.0435 Brier=0.3294
Epoch 077: loss=0.2194 AUROC=0.6196 AUPRC=0.6452 Sens@95Spec=0.2174 Brier=0.2674
Epoch 078: loss=0.2279 AUROC=0.5913 AUPRC=0.6729 Sens@95Spec=0.2174 Brier=0.2705
Epoch 079: loss=0.2387 AUROC=0.5130 AUPRC=0.5746 Sens@95Spec=0.0870 Brier=0.3038
Epoch 080: loss=0.2181 AUROC=0.5891 AUPRC=0.6550 Sens@95Spec=0.1739 Brier=0.2807
Epoch 081: loss=0.2329 AUROC=0.5043 AUPRC=0.5647 Sens@95Spec=0.0435 Brier=0.3072
Epoch 082: loss=0.2377 AUROC=0.5696 AUPRC=0.6314 Sens@95Spec=0.1304 Brier=0.2745
Epoch 083: loss=0.2339 AUROC=0.5196 AUPRC=0.5620 Sens@95Spec=0.1304 Brier=0.2968
Epoch 084: loss=0.2119 AUROC=0.6283 AUPRC=0.6837 Sens@95Spec=0.1739 Brier=0.2582
Epoch 085: loss=0.2090 AUROC=0.5478 AUPRC=0.5576 Sens@95Spec=0.0000 Brier=0.3014
Epoch 086: loss=0.2353 AUROC=0.5804 AUPRC=0.6220 Sens@95Spec=0.0870 Brier=0.2850
Epoch 087: loss=0.2248 AUROC=0.5522 AUPRC=0.6018 Sens@95Spec=0.1304 Brier=0.3071
Epoch 088: loss=0.2142 AUROC=0.5152 AUPRC=0.5522 Sens@95Spec=0.0435 Brier=0.2968
Epoch 089: loss=0.2159 AUROC=0.5783 AUPRC=0.6208 Sens@95Spec=0.0870 Brier=0.2764
Epoch 090: loss=0.2274 AUROC=0.4978 AUPRC=0.5881 Sens@95Spec=0.1739 Brier=0.3076
Epoch 091: loss=0.2186 AUROC=0.4152 AUPRC=0.4921 Sens@95Spec=0.0435 Brier=0.3363
Epoch 092: loss=0.2247 AUROC=0.5913 AUPRC=0.6097 Sens@95Spec=0.1304 Brier=0.2680
Epoch 093: loss=0.2247 AUROC=0.5674 AUPRC=0.5901 Sens@95Spec=0.1739 Brier=0.2997
Epoch 094: loss=0.2366 AUROC=0.2739 AUPRC=0.4215 Sens@95Spec=0.0000 Brier=0.3987
Epoch 095: loss=0.2389 AUROC=0.4522 AUPRC=0.5054 Sens@95Spec=0.0000 Brier=0.3170
Epoch 096: loss=0.2272 AUROC=0.4848 AUPRC=0.5604 Sens@95Spec=0.0870 Brier=0.3078
Epoch 097: loss=0.2132 AUROC=0.5413 AUPRC=0.6082 Sens@95Spec=0.1304 Brier=0.3027
Epoch 098: loss=0.2281 AUROC=0.5957 AUPRC=0.6134 Sens@95Spec=0.2174 Brier=0.2575
Epoch 099: loss=0.2299 AUROC=0.5348 AUPRC=0.5944 Sens@95Spec=0.1304 Brier=0.2876
Epoch 100: loss=0.2330 AUROC=0.5848 AUPRC=0.5937 Sens@95Spec=0.1304 Brier=0.2687
Fold 1 BEST | AUROC=0.6413 AUPRC=0.6765 Sens@95Spec=0.1739 Brier=0.2690

===== Fold 2/5 =====
Epoch 001: loss=0.3823 AUROC=0.5659 AUPRC=0.6510 Sens@95Spec=0.2273 Brier=0.2472 ✓ NEW BEST
Epoch 002: loss=0.3764 AUROC=0.4727 AUPRC=0.5441 Sens@95Spec=0.0455 Brier=0.2675
Epoch 003: loss=0.3764 AUROC=0.6750 AUPRC=0.7080 Sens@95Spec=0.2727 Brier=0.2374 ✓ NEW BEST
Epoch 004: loss=0.3562 AUROC=0.5932 AUPRC=0.6282 Sens@95Spec=0.0909 Brier=0.2974
Epoch 005: loss=0.3633 AUROC=0.6864 AUPRC=0.6671 Sens@95Spec=0.1364 Brier=0.2429 ✓ NEW BEST
Epoch 006: loss=0.3499 AUROC=0.6818 AUPRC=0.6177 Sens@95Spec=0.0455 Brier=0.2343
Epoch 007: loss=0.3472 AUROC=0.6318 AUPRC=0.6815 Sens@95Spec=0.2273 Brier=0.2415
Epoch 008: loss=0.3482 AUROC=0.6364 AUPRC=0.6980 Sens@95Spec=0.1818 Brier=0.2358
Epoch 009: loss=0.3404 AUROC=0.5932 AUPRC=0.6046 Sens@95Spec=0.0455 Brier=0.2558
Epoch 010: loss=0.3444 AUROC=0.5477 AUPRC=0.5638 Sens@95Spec=0.0909 Brier=0.2639
Epoch 011: loss=0.3331 AUROC=0.5977 AUPRC=0.5898 Sens@95Spec=0.0455 Brier=0.2382
Epoch 012: loss=0.3414 AUROC=0.5545 AUPRC=0.5872 Sens@95Spec=0.0909 Brier=0.2557
Epoch 013: loss=0.3386 AUROC=0.7159 AUPRC=0.7307 Sens@95Spec=0.3636 Brier=0.2173 ✓ NEW BEST
Epoch 014: loss=0.3360 AUROC=0.6523 AUPRC=0.7203 Sens@95Spec=0.3182 Brier=0.2266
Epoch 015: loss=0.3222 AUROC=0.5909 AUPRC=0.5974 Sens@95Spec=0.0909 Brier=0.2569
Epoch 016: loss=0.3403 AUROC=0.5659 AUPRC=0.6439 Sens@95Spec=0.2273 Brier=0.2601
Epoch 017: loss=0.3285 AUROC=0.5295 AUPRC=0.5542 Sens@95Spec=0.1364 Brier=0.2591
Epoch 018: loss=0.3050 AUROC=0.5886 AUPRC=0.5925 Sens@95Spec=0.0909 Brier=0.2585
Epoch 019: loss=0.3097 AUROC=0.5636 AUPRC=0.5645 Sens@95Spec=0.0455 Brier=0.2960
Epoch 020: loss=0.3025 AUROC=0.6409 AUPRC=0.6552 Sens@95Spec=0.1364 Brier=0.2259
Epoch 021: loss=0.3229 AUROC=0.5000 AUPRC=0.5203 Sens@95Spec=0.0455 Brier=0.2768
Epoch 022: loss=0.3151 AUROC=0.5705 AUPRC=0.6573 Sens@95Spec=0.2273 Brier=0.2956
Epoch 023: loss=0.3200 AUROC=0.5682 AUPRC=0.5760 Sens@95Spec=0.0000 Brier=0.2719
Epoch 024: loss=0.3015 AUROC=0.5818 AUPRC=0.5993 Sens@95Spec=0.0455 Brier=0.2623
Epoch 025: loss=0.3063 AUROC=0.5500 AUPRC=0.5914 Sens@95Spec=0.0455 Brier=0.2741
Epoch 026: loss=0.2711 AUROC=0.4773 AUPRC=0.4913 Sens@95Spec=0.0000 Brier=0.2977
Epoch 027: loss=0.2693 AUROC=0.4864 AUPRC=0.5274 Sens@95Spec=0.0455 Brier=0.2977
Epoch 028: loss=0.2890 AUROC=0.6250 AUPRC=0.7016 Sens@95Spec=0.2727 Brier=0.2449
Epoch 029: loss=0.2950 AUROC=0.5341 AUPRC=0.5513 Sens@95Spec=0.0455 Brier=0.2924
Epoch 030: loss=0.2754 AUROC=0.6091 AUPRC=0.6401 Sens@95Spec=0.1364 Brier=0.2518
Epoch 031: loss=0.2880 AUROC=0.6205 AUPRC=0.6303 Sens@95Spec=0.1364 Brier=0.2530
Epoch 032: loss=0.2663 AUROC=0.5977 AUPRC=0.6450 Sens@95Spec=0.0455 Brier=0.2620
Epoch 033: loss=0.2988 AUROC=0.5477 AUPRC=0.5461 Sens@95Spec=0.0000 Brier=0.2902
Epoch 034: loss=0.2705 AUROC=0.7409 AUPRC=0.8212 Sens@95Spec=0.5000 Brier=0.2155 ✓ NEW BEST
Epoch 035: loss=0.2703 AUROC=0.5977 AUPRC=0.5978 Sens@95Spec=0.0909 Brier=0.2672
Epoch 036: loss=0.2609 AUROC=0.5682 AUPRC=0.6124 Sens@95Spec=0.1364 Brier=0.2716
Epoch 037: loss=0.2588 AUROC=0.5364 AUPRC=0.5759 Sens@95Spec=0.0455 Brier=0.2744
Epoch 038: loss=0.2708 AUROC=0.4659 AUPRC=0.5136 Sens@95Spec=0.0455 Brier=0.3019
Epoch 039: loss=0.2450 AUROC=0.5795 AUPRC=0.5805 Sens@95Spec=0.0000 Brier=0.2876
Epoch 040: loss=0.2496 AUROC=0.5750 AUPRC=0.5885 Sens@95Spec=0.0909 Brier=0.2662
Epoch 041: loss=0.2644 AUROC=0.5227 AUPRC=0.5836 Sens@95Spec=0.0909 Brier=0.3188
Epoch 042: loss=0.2651 AUROC=0.5409 AUPRC=0.5832 Sens@95Spec=0.0909 Brier=0.2899
Epoch 043: loss=0.2567 AUROC=0.5500 AUPRC=0.6032 Sens@95Spec=0.1364 Brier=0.2776
Epoch 044: loss=0.2650 AUROC=0.4932 AUPRC=0.5595 Sens@95Spec=0.1364 Brier=0.3134
Epoch 045: loss=0.2481 AUROC=0.5159 AUPRC=0.5736 Sens@95Spec=0.0455 Brier=0.3097
Epoch 046: loss=0.2386 AUROC=0.5386 AUPRC=0.5925 Sens@95Spec=0.0909 Brier=0.3077
Epoch 047: loss=0.2444 AUROC=0.5295 AUPRC=0.5450 Sens@95Spec=0.0000 Brier=0.2991
Epoch 048: loss=0.2373 AUROC=0.5500 AUPRC=0.6011 Sens@95Spec=0.0909 Brier=0.2980
Epoch 049: loss=0.2510 AUROC=0.5114 AUPRC=0.5778 Sens@95Spec=0.1364 Brier=0.2873
Epoch 050: loss=0.2435 AUROC=0.5341 AUPRC=0.5213 Sens@95Spec=0.0000 Brier=0.3021
Epoch 051: loss=0.2492 AUROC=0.4727 AUPRC=0.5554 Sens@95Spec=0.0909 Brier=0.3228
Epoch 052: loss=0.2465 AUROC=0.5523 AUPRC=0.6420 Sens@95Spec=0.1364 Brier=0.3062
Epoch 053: loss=0.2334 AUROC=0.5545 AUPRC=0.6179 Sens@95Spec=0.0909 Brier=0.3043
Epoch 054: loss=0.2444 AUROC=0.4682 AUPRC=0.5576 Sens@95Spec=0.0909 Brier=0.3281
Epoch 055: loss=0.2352 AUROC=0.5114 AUPRC=0.6016 Sens@95Spec=0.1818 Brier=0.3120
Epoch 056: loss=0.2675 AUROC=0.6091 AUPRC=0.6863 Sens@95Spec=0.2273 Brier=0.2579
Epoch 057: loss=0.2325 AUROC=0.6000 AUPRC=0.6397 Sens@95Spec=0.1818 Brier=0.2708
Epoch 058: loss=0.2412 AUROC=0.5523 AUPRC=0.5936 Sens@95Spec=0.0909 Brier=0.3097
Epoch 059: loss=0.2395 AUROC=0.4886 AUPRC=0.5443 Sens@95Spec=0.0455 Brier=0.3301
Epoch 060: loss=0.2463 AUROC=0.6114 AUPRC=0.6613 Sens@95Spec=0.1364 Brier=0.2667
Epoch 061: loss=0.2448 AUROC=0.4341 AUPRC=0.5115 Sens@95Spec=0.0000 Brier=0.3529
Epoch 062: loss=0.2417 AUROC=0.4705 AUPRC=0.5433 Sens@95Spec=0.1364 Brier=0.3303
Epoch 063: loss=0.2345 AUROC=0.5977 AUPRC=0.6251 Sens@95Spec=0.1818 Brier=0.2879
Epoch 064: loss=0.2445 AUROC=0.5523 AUPRC=0.6345 Sens@95Spec=0.2273 Brier=0.2848
Epoch 065: loss=0.2246 AUROC=0.6682 AUPRC=0.7051 Sens@95Spec=0.1818 Brier=0.2395
Epoch 066: loss=0.2315 AUROC=0.6159 AUPRC=0.7011 Sens@95Spec=0.2273 Brier=0.2684
Epoch 067: loss=0.2306 AUROC=0.5386 AUPRC=0.5615 Sens@95Spec=0.0909 Brier=0.2940
Epoch 068: loss=0.2123 AUROC=0.5568 AUPRC=0.6009 Sens@95Spec=0.1818 Brier=0.2911
Epoch 069: loss=0.2434 AUROC=0.5705 AUPRC=0.6637 Sens@95Spec=0.2727 Brier=0.2946
Epoch 070: loss=0.2501 AUROC=0.4364 AUPRC=0.5040 Sens@95Spec=0.0909 Brier=0.3612
Epoch 071: loss=0.2309 AUROC=0.4545 AUPRC=0.5364 Sens@95Spec=0.0455 Brier=0.3621
Epoch 072: loss=0.2329 AUROC=0.5682 AUPRC=0.6904 Sens@95Spec=0.3182 Brier=0.2998
Epoch 073: loss=0.2230 AUROC=0.5750 AUPRC=0.6516 Sens@95Spec=0.1818 Brier=0.2888
Epoch 074: loss=0.2442 AUROC=0.5364 AUPRC=0.5495 Sens@95Spec=0.0455 Brier=0.3006
Epoch 075: loss=0.2239 AUROC=0.5386 AUPRC=0.5376 Sens@95Spec=0.0000 Brier=0.3080
Epoch 076: loss=0.2146 AUROC=0.5341 AUPRC=0.6023 Sens@95Spec=0.0909 Brier=0.3036
Epoch 077: loss=0.2090 AUROC=0.5409 AUPRC=0.6560 Sens@95Spec=0.3636 Brier=0.3203
Epoch 078: loss=0.2153 AUROC=0.6250 AUPRC=0.7110 Sens@95Spec=0.3182 Brier=0.2815
Epoch 079: loss=0.2286 AUROC=0.5250 AUPRC=0.5625 Sens@95Spec=0.0000 Brier=0.3158
Epoch 080: loss=0.2404 AUROC=0.5841 AUPRC=0.6431 Sens@95Spec=0.1818 Brier=0.2921
Epoch 081: loss=0.2178 AUROC=0.6545 AUPRC=0.7017 Sens@95Spec=0.1818 Brier=0.2500
Epoch 082: loss=0.2214 AUROC=0.5364 AUPRC=0.5892 Sens@95Spec=0.0909 Brier=0.3026
Epoch 083: loss=0.2155 AUROC=0.4818 AUPRC=0.6112 Sens@95Spec=0.1818 Brier=0.3390
Epoch 084: loss=0.2276 AUROC=0.5455 AUPRC=0.6333 Sens@95Spec=0.1364 Brier=0.3091
Epoch 085: loss=0.2188 AUROC=0.5318 AUPRC=0.5972 Sens@95Spec=0.2273 Brier=0.3331
Epoch 086: loss=0.2370 AUROC=0.5864 AUPRC=0.6172 Sens@95Spec=0.1818 Brier=0.2792
Epoch 087: loss=0.2403 AUROC=0.6250 AUPRC=0.7276 Sens@95Spec=0.3182 Brier=0.2631
Epoch 088: loss=0.2215 AUROC=0.4909 AUPRC=0.5806 Sens@95Spec=0.1364 Brier=0.3232
Epoch 089: loss=0.2372 AUROC=0.5136 AUPRC=0.6175 Sens@95Spec=0.1818 Brier=0.3108
Epoch 090: loss=0.2203 AUROC=0.6591 AUPRC=0.6121 Sens@95Spec=0.0909 Brier=0.2417
Epoch 091: loss=0.2283 AUROC=0.4614 AUPRC=0.5286 Sens@95Spec=0.0455 Brier=0.3446
Epoch 092: loss=0.2444 AUROC=0.5818 AUPRC=0.6626 Sens@95Spec=0.1364 Brier=0.2949
Epoch 093: loss=0.2257 AUROC=0.4864 AUPRC=0.5582 Sens@95Spec=0.0909 Brier=0.3121
Epoch 094: loss=0.2020 AUROC=0.5318 AUPRC=0.6092 Sens@95Spec=0.1818 Brier=0.3088
Epoch 095: loss=0.2397 AUROC=0.6659 AUPRC=0.7381 Sens@95Spec=0.5455 Brier=0.2505
Epoch 096: loss=0.2288 AUROC=0.4795 AUPRC=0.5621 Sens@95Spec=0.0455 Brier=0.3431
Epoch 097: loss=0.2175 AUROC=0.5636 AUPRC=0.5735 Sens@95Spec=0.0455 Brier=0.2970
Epoch 098: loss=0.2394 AUROC=0.6727 AUPRC=0.7551 Sens@95Spec=0.3636 Brier=0.2558
Epoch 099: loss=0.2399 AUROC=0.5591 AUPRC=0.5771 Sens@95Spec=0.0455 Brier=0.2838
Epoch 100: loss=0.2309 AUROC=0.4182 AUPRC=0.5710 Sens@95Spec=0.1818 Brier=0.3477
Fold 2 BEST | AUROC=0.7409 AUPRC=0.8212 Sens@95Spec=0.5000 Brier=0.2155

===== Fold 3/5 =====
Epoch 001: loss=0.3821 AUROC=0.4909 AUPRC=0.5631 Sens@95Spec=0.1364 Brier=0.2931 ✓ NEW BEST
Epoch 002: loss=0.3752 AUROC=0.5477 AUPRC=0.5709 Sens@95Spec=0.0455 Brier=0.2466 ✓ NEW BEST
Epoch 003: loss=0.3700 AUROC=0.5818 AUPRC=0.6366 Sens@95Spec=0.1364 Brier=0.2582 ✓ NEW BEST
Epoch 004: loss=0.3970 AUROC=0.7068 AUPRC=0.7189 Sens@95Spec=0.3636 Brier=0.2509 ✓ NEW BEST
Epoch 005: loss=0.3669 AUROC=0.6136 AUPRC=0.6503 Sens@95Spec=0.1818 Brier=0.2441
Epoch 006: loss=0.3633 AUROC=0.6318 AUPRC=0.6497 Sens@95Spec=0.1818 Brier=0.2438
Epoch 007: loss=0.3522 AUROC=0.6273 AUPRC=0.6603 Sens@95Spec=0.2273 Brier=0.2376
Epoch 008: loss=0.3575 AUROC=0.7000 AUPRC=0.7090 Sens@95Spec=0.1364 Brier=0.2307
Epoch 009: loss=0.3567 AUROC=0.6455 AUPRC=0.6045 Sens@95Spec=0.0455 Brier=0.2576
Epoch 010: loss=0.3406 AUROC=0.6591 AUPRC=0.7091 Sens@95Spec=0.1818 Brier=0.2361
Epoch 011: loss=0.3466 AUROC=0.7023 AUPRC=0.7155 Sens@95Spec=0.1818 Brier=0.2308
Epoch 012: loss=0.3467 AUROC=0.5523 AUPRC=0.6041 Sens@95Spec=0.1364 Brier=0.2443
Epoch 013: loss=0.3367 AUROC=0.5386 AUPRC=0.5614 Sens@95Spec=0.0455 Brier=0.2589
Epoch 014: loss=0.3264 AUROC=0.6909 AUPRC=0.7364 Sens@95Spec=0.2727 Brier=0.2282
Epoch 015: loss=0.3223 AUROC=0.6568 AUPRC=0.7344 Sens@95Spec=0.3182 Brier=0.2354
Epoch 016: loss=0.3128 AUROC=0.6500 AUPRC=0.6848 Sens@95Spec=0.1818 Brier=0.2424
Epoch 017: loss=0.3016 AUROC=0.6432 AUPRC=0.6949 Sens@95Spec=0.1818 Brier=0.2330
Epoch 018: loss=0.2991 AUROC=0.5568 AUPRC=0.6140 Sens@95Spec=0.1364 Brier=0.2821
Epoch 019: loss=0.3092 AUROC=0.6386 AUPRC=0.6538 Sens@95Spec=0.1364 Brier=0.2501
Epoch 020: loss=0.2903 AUROC=0.7250 AUPRC=0.7158 Sens@95Spec=0.2727 Brier=0.2378 ✓ NEW BEST
Epoch 021: loss=0.3134 AUROC=0.6364 AUPRC=0.7194 Sens@95Spec=0.2727 Brier=0.2359
Epoch 022: loss=0.2846 AUROC=0.5636 AUPRC=0.6339 Sens@95Spec=0.1818 Brier=0.2519
Epoch 023: loss=0.2972 AUROC=0.6455 AUPRC=0.6789 Sens@95Spec=0.1364 Brier=0.2384
Epoch 024: loss=0.3135 AUROC=0.7068 AUPRC=0.7052 Sens@95Spec=0.1818 Brier=0.2248
Epoch 025: loss=0.2870 AUROC=0.6341 AUPRC=0.7088 Sens@95Spec=0.2273 Brier=0.2594
Epoch 026: loss=0.2856 AUROC=0.6636 AUPRC=0.6399 Sens@95Spec=0.0909 Brier=0.2382
Epoch 027: loss=0.3090 AUROC=0.6227 AUPRC=0.6721 Sens@95Spec=0.2273 Brier=0.2593
Epoch 028: loss=0.3081 AUROC=0.7386 AUPRC=0.7195 Sens@95Spec=0.1364 Brier=0.2435 ✓ NEW BEST
Epoch 029: loss=0.2930 AUROC=0.6523 AUPRC=0.6852 Sens@95Spec=0.1818 Brier=0.2347
Epoch 030: loss=0.2784 AUROC=0.5295 AUPRC=0.5206 Sens@95Spec=0.0455 Brier=0.2806
Epoch 031: loss=0.2853 AUROC=0.6114 AUPRC=0.6382 Sens@95Spec=0.0909 Brier=0.2487
Epoch 032: loss=0.2819 AUROC=0.6250 AUPRC=0.6418 Sens@95Spec=0.1364 Brier=0.2528
Epoch 033: loss=0.2759 AUROC=0.5955 AUPRC=0.6380 Sens@95Spec=0.1364 Brier=0.2665
Epoch 034: loss=0.2789 AUROC=0.6364 AUPRC=0.6548 Sens@95Spec=0.1818 Brier=0.2465
Epoch 035: loss=0.2591 AUROC=0.4864 AUPRC=0.5411 Sens@95Spec=0.0909 Brier=0.3105
Epoch 036: loss=0.2773 AUROC=0.5386 AUPRC=0.5895 Sens@95Spec=0.1364 Brier=0.2932
Epoch 037: loss=0.2546 AUROC=0.6886 AUPRC=0.7688 Sens@95Spec=0.4091 Brier=0.2231
Epoch 038: loss=0.2937 AUROC=0.6386 AUPRC=0.6806 Sens@95Spec=0.1818 Brier=0.2580
Epoch 039: loss=0.2777 AUROC=0.6159 AUPRC=0.6718 Sens@95Spec=0.2273 Brier=0.2770
Epoch 040: loss=0.2741 AUROC=0.7000 AUPRC=0.7135 Sens@95Spec=0.1364 Brier=0.2321
Epoch 041: loss=0.2543 AUROC=0.6636 AUPRC=0.7041 Sens@95Spec=0.1818 Brier=0.2331
Epoch 042: loss=0.2702 AUROC=0.7159 AUPRC=0.7016 Sens@95Spec=0.1818 Brier=0.2261
Epoch 043: loss=0.2478 AUROC=0.5864 AUPRC=0.6441 Sens@95Spec=0.1364 Brier=0.2671
Epoch 044: loss=0.2534 AUROC=0.5977 AUPRC=0.6349 Sens@95Spec=0.0909 Brier=0.2638
Epoch 045: loss=0.2645 AUROC=0.6386 AUPRC=0.6993 Sens@95Spec=0.2273 Brier=0.2461
Epoch 046: loss=0.2481 AUROC=0.6727 AUPRC=0.6745 Sens@95Spec=0.0909 Brier=0.2471
Epoch 047: loss=0.2366 AUROC=0.6455 AUPRC=0.7022 Sens@95Spec=0.2273 Brier=0.2472
Epoch 048: loss=0.2434 AUROC=0.4045 AUPRC=0.4944 Sens@95Spec=0.0455 Brier=0.3131
Epoch 049: loss=0.2446 AUROC=0.4409 AUPRC=0.5210 Sens@95Spec=0.0909 Brier=0.3176
Epoch 050: loss=0.2350 AUROC=0.5818 AUPRC=0.6190 Sens@95Spec=0.1364 Brier=0.2656
Epoch 051: loss=0.2409 AUROC=0.5545 AUPRC=0.6117 Sens@95Spec=0.0909 Brier=0.2681
Epoch 052: loss=0.2605 AUROC=0.5886 AUPRC=0.6096 Sens@95Spec=0.1364 Brier=0.2714
Epoch 053: loss=0.2369 AUROC=0.6136 AUPRC=0.6346 Sens@95Spec=0.0909 Brier=0.2774
Epoch 054: loss=0.2340 AUROC=0.6273 AUPRC=0.6667 Sens@95Spec=0.1364 Brier=0.2534
Epoch 055: loss=0.2287 AUROC=0.5250 AUPRC=0.5777 Sens@95Spec=0.0909 Brier=0.2857
Epoch 056: loss=0.2252 AUROC=0.5614 AUPRC=0.6001 Sens@95Spec=0.0909 Brier=0.2907
Epoch 057: loss=0.2209 AUROC=0.6818 AUPRC=0.6651 Sens@95Spec=0.0909 Brier=0.2407
Epoch 058: loss=0.2404 AUROC=0.6341 AUPRC=0.7062 Sens@95Spec=0.3182 Brier=0.2600
Epoch 059: loss=0.2358 AUROC=0.6295 AUPRC=0.6553 Sens@95Spec=0.1364 Brier=0.2427
Epoch 060: loss=0.2381 AUROC=0.6227 AUPRC=0.6819 Sens@95Spec=0.1818 Brier=0.2613
Epoch 061: loss=0.2312 AUROC=0.6841 AUPRC=0.6870 Sens@95Spec=0.1364 Brier=0.2330
Epoch 062: loss=0.2206 AUROC=0.5955 AUPRC=0.6445 Sens@95Spec=0.1818 Brier=0.2547
Epoch 063: loss=0.2509 AUROC=0.5455 AUPRC=0.5954 Sens@95Spec=0.0909 Brier=0.2948
Epoch 064: loss=0.2377 AUROC=0.5795 AUPRC=0.6276 Sens@95Spec=0.1364 Brier=0.2602
Epoch 065: loss=0.2356 AUROC=0.6932 AUPRC=0.6842 Sens@95Spec=0.0909 Brier=0.2363
Epoch 066: loss=0.2207 AUROC=0.4841 AUPRC=0.5543 Sens@95Spec=0.0909 Brier=0.2930
Epoch 067: loss=0.2268 AUROC=0.6182 AUPRC=0.6419 Sens@95Spec=0.0909 Brier=0.2606
Epoch 068: loss=0.2192 AUROC=0.6364 AUPRC=0.6913 Sens@95Spec=0.2273 Brier=0.2587
Epoch 069: loss=0.2134 AUROC=0.6250 AUPRC=0.6740 Sens@95Spec=0.1818 Brier=0.2494
Epoch 070: loss=0.2095 AUROC=0.5932 AUPRC=0.5995 Sens@95Spec=0.0455 Brier=0.2733
Epoch 071: loss=0.2245 AUROC=0.5182 AUPRC=0.5638 Sens@95Spec=0.0909 Brier=0.2796
Epoch 072: loss=0.2195 AUROC=0.6568 AUPRC=0.6845 Sens@95Spec=0.1818 Brier=0.2502
Epoch 073: loss=0.2416 AUROC=0.5455 AUPRC=0.6295 Sens@95Spec=0.1364 Brier=0.2826
Epoch 074: loss=0.2090 AUROC=0.5023 AUPRC=0.5559 Sens@95Spec=0.1364 Brier=0.3170
Epoch 075: loss=0.2231 AUROC=0.5432 AUPRC=0.6275 Sens@95Spec=0.1818 Brier=0.3126
Epoch 076: loss=0.2065 AUROC=0.5045 AUPRC=0.6081 Sens@95Spec=0.1818 Brier=0.2958
Epoch 077: loss=0.2286 AUROC=0.5909 AUPRC=0.6239 Sens@95Spec=0.0909 Brier=0.2811
Epoch 078: loss=0.2256 AUROC=0.5023 AUPRC=0.5534 Sens@95Spec=0.0909 Brier=0.3126
Epoch 079: loss=0.2071 AUROC=0.6182 AUPRC=0.6178 Sens@95Spec=0.0909 Brier=0.2569
Epoch 080: loss=0.2313 AUROC=0.5886 AUPRC=0.6299 Sens@95Spec=0.1364 Brier=0.2819
Epoch 081: loss=0.2198 AUROC=0.5705 AUPRC=0.6317 Sens@95Spec=0.1364 Brier=0.2833
Epoch 082: loss=0.1939 AUROC=0.6045 AUPRC=0.6506 Sens@95Spec=0.0909 Brier=0.2710
Epoch 083: loss=0.2306 AUROC=0.4795 AUPRC=0.5725 Sens@95Spec=0.0909 Brier=0.3071
Epoch 084: loss=0.2140 AUROC=0.5682 AUPRC=0.6124 Sens@95Spec=0.0909 Brier=0.2775
Epoch 085: loss=0.2467 AUROC=0.6182 AUPRC=0.5890 Sens@95Spec=0.0909 Brier=0.2660
Epoch 086: loss=0.2314 AUROC=0.5636 AUPRC=0.6159 Sens@95Spec=0.1364 Brier=0.2957
Epoch 087: loss=0.2162 AUROC=0.5091 AUPRC=0.6146 Sens@95Spec=0.2273 Brier=0.2961
Epoch 088: loss=0.2101 AUROC=0.5773 AUPRC=0.6493 Sens@95Spec=0.1364 Brier=0.2847
Epoch 089: loss=0.2072 AUROC=0.6273 AUPRC=0.6272 Sens@95Spec=0.0909 Brier=0.2688
Epoch 090: loss=0.2083 AUROC=0.5682 AUPRC=0.6819 Sens@95Spec=0.3182 Brier=0.2884
Epoch 091: loss=0.2330 AUROC=0.5705 AUPRC=0.6401 Sens@95Spec=0.1818 Brier=0.2650
Epoch 092: loss=0.2133 AUROC=0.5545 AUPRC=0.6505 Sens@95Spec=0.2273 Brier=0.2933
Epoch 093: loss=0.2365 AUROC=0.4182 AUPRC=0.4746 Sens@95Spec=0.0000 Brier=0.3508
Epoch 094: loss=0.2260 AUROC=0.5114 AUPRC=0.5567 Sens@95Spec=0.0909 Brier=0.3210
Epoch 095: loss=0.2124 AUROC=0.6864 AUPRC=0.7178 Sens@95Spec=0.3182 Brier=0.2391
Epoch 096: loss=0.2253 AUROC=0.4773 AUPRC=0.5293 Sens@95Spec=0.0455 Brier=0.3060
Epoch 097: loss=0.2067 AUROC=0.5523 AUPRC=0.6364 Sens@95Spec=0.2273 Brier=0.3005
Epoch 098: loss=0.2124 AUROC=0.6227 AUPRC=0.6657 Sens@95Spec=0.1818 Brier=0.2508
Epoch 099: loss=0.2001 AUROC=0.5318 AUPRC=0.5969 Sens@95Spec=0.1818 Brier=0.3132
Epoch 100: loss=0.2150 AUROC=0.6591 AUPRC=0.6832 Sens@95Spec=0.1364 Brier=0.2417
Fold 3 BEST | AUROC=0.7386 AUPRC=0.7195 Sens@95Spec=0.1364 Brier=0.2435

===== Fold 4/5 =====
Epoch 001: loss=0.3885 AUROC=0.4614 AUPRC=0.6013 Sens@95Spec=0.1818 Brier=0.2839 ✓ NEW BEST
Epoch 002: loss=0.3708 AUROC=0.5318 AUPRC=0.6214 Sens@95Spec=0.2273 Brier=0.2476 ✓ NEW BEST
Epoch 003: loss=0.3677 AUROC=0.5386 AUPRC=0.6089 Sens@95Spec=0.1364 Brier=0.2486 ✓ NEW BEST
Epoch 004: loss=0.3669 AUROC=0.5023 AUPRC=0.5946 Sens@95Spec=0.1364 Brier=0.2637
Epoch 005: loss=0.3478 AUROC=0.6432 AUPRC=0.7624 Sens@95Spec=0.4545 Brier=0.2317 ✓ NEW BEST
Epoch 006: loss=0.3596 AUROC=0.4955 AUPRC=0.5965 Sens@95Spec=0.1818 Brier=0.2791
Epoch 007: loss=0.3404 AUROC=0.5477 AUPRC=0.6020 Sens@95Spec=0.0909 Brier=0.2586
Epoch 008: loss=0.3411 AUROC=0.4818 AUPRC=0.6036 Sens@95Spec=0.1818 Brier=0.2661
Epoch 009: loss=0.3508 AUROC=0.3955 AUPRC=0.5326 Sens@95Spec=0.0909 Brier=0.3026
Epoch 010: loss=0.3380 AUROC=0.5341 AUPRC=0.5871 Sens@95Spec=0.0909 Brier=0.2720
Epoch 011: loss=0.3357 AUROC=0.6818 AUPRC=0.7971 Sens@95Spec=0.5000 Brier=0.2440 ✓ NEW BEST
Epoch 012: loss=0.3240 AUROC=0.6318 AUPRC=0.7078 Sens@95Spec=0.2273 Brier=0.2356
Epoch 013: loss=0.3239 AUROC=0.6523 AUPRC=0.6880 Sens@95Spec=0.4091 Brier=0.2378
Epoch 014: loss=0.3125 AUROC=0.6409 AUPRC=0.7279 Sens@95Spec=0.2273 Brier=0.2452
Epoch 015: loss=0.3481 AUROC=0.6114 AUPRC=0.6819 Sens@95Spec=0.1364 Brier=0.2655
Epoch 016: loss=0.3229 AUROC=0.6136 AUPRC=0.6985 Sens@95Spec=0.2273 Brier=0.2504
Epoch 017: loss=0.3166 AUROC=0.5682 AUPRC=0.6688 Sens@95Spec=0.3182 Brier=0.2585
Epoch 018: loss=0.3136 AUROC=0.5068 AUPRC=0.6357 Sens@95Spec=0.1818 Brier=0.2852
Epoch 019: loss=0.3141 AUROC=0.6364 AUPRC=0.7086 Sens@95Spec=0.3182 Brier=0.2448
Epoch 020: loss=0.3304 AUROC=0.5750 AUPRC=0.6399 Sens@95Spec=0.1818 Brier=0.2642
Epoch 021: loss=0.3368 AUROC=0.6568 AUPRC=0.7094 Sens@95Spec=0.2273 Brier=0.2672
Epoch 022: loss=0.3014 AUROC=0.5841 AUPRC=0.6831 Sens@95Spec=0.3182 Brier=0.2684
Epoch 023: loss=0.2970 AUROC=0.6500 AUPRC=0.7011 Sens@95Spec=0.2273 Brier=0.2282
Epoch 024: loss=0.2897 AUROC=0.5568 AUPRC=0.6669 Sens@95Spec=0.2727 Brier=0.2775
Epoch 025: loss=0.2947 AUROC=0.6205 AUPRC=0.7452 Sens@95Spec=0.3636 Brier=0.2398
Epoch 026: loss=0.2826 AUROC=0.5545 AUPRC=0.6517 Sens@95Spec=0.1818 Brier=0.2660
Epoch 027: loss=0.3022 AUROC=0.5659 AUPRC=0.7034 Sens@95Spec=0.3182 Brier=0.2805
Epoch 028: loss=0.2800 AUROC=0.5545 AUPRC=0.6326 Sens@95Spec=0.1364 Brier=0.2680
Epoch 029: loss=0.2774 AUROC=0.6091 AUPRC=0.6826 Sens@95Spec=0.3182 Brier=0.2649
Epoch 030: loss=0.2927 AUROC=0.5841 AUPRC=0.7286 Sens@95Spec=0.4545 Brier=0.2646
Epoch 031: loss=0.2803 AUROC=0.5091 AUPRC=0.6404 Sens@95Spec=0.2273 Brier=0.2918
Epoch 032: loss=0.2770 AUROC=0.4591 AUPRC=0.5639 Sens@95Spec=0.1364 Brier=0.3236
Epoch 033: loss=0.2569 AUROC=0.6432 AUPRC=0.6658 Sens@95Spec=0.1818 Brier=0.2588
Epoch 034: loss=0.2879 AUROC=0.5955 AUPRC=0.6658 Sens@95Spec=0.1818 Brier=0.2676
Epoch 035: loss=0.2756 AUROC=0.6750 AUPRC=0.7438 Sens@95Spec=0.3182 Brier=0.2364
Epoch 036: loss=0.2600 AUROC=0.6477 AUPRC=0.6867 Sens@95Spec=0.1364 Brier=0.2610
Epoch 037: loss=0.2693 AUROC=0.6727 AUPRC=0.7117 Sens@95Spec=0.1364 Brier=0.2421
Epoch 038: loss=0.2679 AUROC=0.6455 AUPRC=0.6919 Sens@95Spec=0.1364 Brier=0.2559
Epoch 039: loss=0.2638 AUROC=0.5886 AUPRC=0.7001 Sens@95Spec=0.3182 Brier=0.2596
Epoch 040: loss=0.2671 AUROC=0.6432 AUPRC=0.7323 Sens@95Spec=0.3182 Brier=0.2389
Epoch 041: loss=0.2538 AUROC=0.6455 AUPRC=0.7049 Sens@95Spec=0.2273 Brier=0.2429
Epoch 042: loss=0.2643 AUROC=0.5955 AUPRC=0.6875 Sens@95Spec=0.1818 Brier=0.2574
Epoch 043: loss=0.2529 AUROC=0.6227 AUPRC=0.7140 Sens@95Spec=0.2273 Brier=0.2524
Epoch 044: loss=0.2549 AUROC=0.6500 AUPRC=0.7441 Sens@95Spec=0.2273 Brier=0.2440
Epoch 045: loss=0.2379 AUROC=0.6273 AUPRC=0.7128 Sens@95Spec=0.1818 Brier=0.2573
Epoch 046: loss=0.2543 AUROC=0.6205 AUPRC=0.6912 Sens@95Spec=0.2273 Brier=0.2578
Epoch 047: loss=0.2550 AUROC=0.6455 AUPRC=0.7057 Sens@95Spec=0.1364 Brier=0.2518
Epoch 048: loss=0.2471 AUROC=0.6977 AUPRC=0.7213 Sens@95Spec=0.0909 Brier=0.2324 ✓ NEW BEST
Epoch 049: loss=0.2376 AUROC=0.5886 AUPRC=0.6225 Sens@95Spec=0.0909 Brier=0.2720
Epoch 050: loss=0.2433 AUROC=0.6659 AUPRC=0.7563 Sens@95Spec=0.3182 Brier=0.2416
Epoch 051: loss=0.2270 AUROC=0.5091 AUPRC=0.6039 Sens@95Spec=0.0909 Brier=0.3034
Epoch 052: loss=0.2218 AUROC=0.6500 AUPRC=0.7327 Sens@95Spec=0.2727 Brier=0.2485
Epoch 053: loss=0.2590 AUROC=0.6659 AUPRC=0.7510 Sens@95Spec=0.3636 Brier=0.2446
Epoch 054: loss=0.2646 AUROC=0.5364 AUPRC=0.6168 Sens@95Spec=0.0909 Brier=0.2829
Epoch 055: loss=0.2451 AUROC=0.6705 AUPRC=0.7529 Sens@95Spec=0.3182 Brier=0.2369
Epoch 056: loss=0.2388 AUROC=0.5682 AUPRC=0.6841 Sens@95Spec=0.2727 Brier=0.2775
Epoch 057: loss=0.2263 AUROC=0.5386 AUPRC=0.5740 Sens@95Spec=0.0455 Brier=0.2975
Epoch 058: loss=0.2526 AUROC=0.6341 AUPRC=0.7143 Sens@95Spec=0.3182 Brier=0.2538
Epoch 059: loss=0.2376 AUROC=0.6364 AUPRC=0.7253 Sens@95Spec=0.2727 Brier=0.2675
Epoch 060: loss=0.2260 AUROC=0.6364 AUPRC=0.7152 Sens@95Spec=0.2727 Brier=0.2538
Epoch 061: loss=0.2418 AUROC=0.6932 AUPRC=0.7425 Sens@95Spec=0.2727 Brier=0.2195
Epoch 062: loss=0.2242 AUROC=0.6341 AUPRC=0.6838 Sens@95Spec=0.1818 Brier=0.2459
Epoch 063: loss=0.2299 AUROC=0.7114 AUPRC=0.7184 Sens@95Spec=0.1364 Brier=0.2215 ✓ NEW BEST
Epoch 064: loss=0.2278 AUROC=0.5341 AUPRC=0.6566 Sens@95Spec=0.3182 Brier=0.2859
Epoch 065: loss=0.2313 AUROC=0.5705 AUPRC=0.6714 Sens@95Spec=0.4091 Brier=0.2748
Epoch 066: loss=0.2406 AUROC=0.5932 AUPRC=0.6786 Sens@95Spec=0.2273 Brier=0.2609
Epoch 067: loss=0.2296 AUROC=0.6841 AUPRC=0.7498 Sens@95Spec=0.2273 Brier=0.2276
Epoch 068: loss=0.2457 AUROC=0.5795 AUPRC=0.6745 Sens@95Spec=0.2273 Brier=0.2587
Epoch 069: loss=0.2231 AUROC=0.6205 AUPRC=0.6329 Sens@95Spec=0.0909 Brier=0.2585
Epoch 070: loss=0.2268 AUROC=0.6114 AUPRC=0.6861 Sens@95Spec=0.2273 Brier=0.2710
Epoch 071: loss=0.2239 AUROC=0.6136 AUPRC=0.6800 Sens@95Spec=0.1364 Brier=0.2613
Epoch 072: loss=0.2255 AUROC=0.5341 AUPRC=0.5256 Sens@95Spec=0.0000 Brier=0.2944
Epoch 073: loss=0.2426 AUROC=0.6977 AUPRC=0.7312 Sens@95Spec=0.1818 Brier=0.2195
Epoch 074: loss=0.2212 AUROC=0.6886 AUPRC=0.7868 Sens@95Spec=0.4545 Brier=0.2315
Epoch 075: loss=0.2322 AUROC=0.6386 AUPRC=0.7235 Sens@95Spec=0.3636 Brier=0.2558
Epoch 076: loss=0.2243 AUROC=0.5682 AUPRC=0.6547 Sens@95Spec=0.0909 Brier=0.2852
Epoch 077: loss=0.2149 AUROC=0.7091 AUPRC=0.7653 Sens@95Spec=0.1818 Brier=0.2360
Epoch 078: loss=0.2290 AUROC=0.6136 AUPRC=0.6615 Sens@95Spec=0.1364 Brier=0.2583
Epoch 079: loss=0.2362 AUROC=0.6818 AUPRC=0.6955 Sens@95Spec=0.2273 Brier=0.2337
Epoch 080: loss=0.2232 AUROC=0.6477 AUPRC=0.7283 Sens@95Spec=0.2727 Brier=0.2542
Epoch 081: loss=0.2177 AUROC=0.5227 AUPRC=0.6246 Sens@95Spec=0.1364 Brier=0.3046
Epoch 082: loss=0.2190 AUROC=0.7045 AUPRC=0.7448 Sens@95Spec=0.2273 Brier=0.2249
Epoch 083: loss=0.2153 AUROC=0.7614 AUPRC=0.7859 Sens@95Spec=0.3636 Brier=0.2038 ✓ NEW BEST
Epoch 084: loss=0.2197 AUROC=0.6727 AUPRC=0.6975 Sens@95Spec=0.1364 Brier=0.2483
Epoch 085: loss=0.2119 AUROC=0.6091 AUPRC=0.6574 Sens@95Spec=0.0909 Brier=0.2621
Epoch 086: loss=0.2300 AUROC=0.5977 AUPRC=0.6323 Sens@95Spec=0.0455 Brier=0.2759
Epoch 087: loss=0.2045 AUROC=0.6114 AUPRC=0.6356 Sens@95Spec=0.0909 Brier=0.2459
Epoch 088: loss=0.2333 AUROC=0.6727 AUPRC=0.6973 Sens@95Spec=0.0909 Brier=0.2493
Epoch 089: loss=0.2142 AUROC=0.5818 AUPRC=0.6420 Sens@95Spec=0.1364 Brier=0.2906
Epoch 090: loss=0.2314 AUROC=0.6977 AUPRC=0.7317 Sens@95Spec=0.1364 Brier=0.2308
Epoch 091: loss=0.2136 AUROC=0.5568 AUPRC=0.6265 Sens@95Spec=0.0909 Brier=0.2878
Epoch 092: loss=0.2192 AUROC=0.5318 AUPRC=0.6018 Sens@95Spec=0.0909 Brier=0.2841
Epoch 093: loss=0.2303 AUROC=0.6523 AUPRC=0.7214 Sens@95Spec=0.2273 Brier=0.2422
Epoch 094: loss=0.2277 AUROC=0.6364 AUPRC=0.6921 Sens@95Spec=0.2273 Brier=0.2556
Epoch 095: loss=0.2138 AUROC=0.6318 AUPRC=0.6918 Sens@95Spec=0.0909 Brier=0.2591
Epoch 096: loss=0.2292 AUROC=0.5159 AUPRC=0.6129 Sens@95Spec=0.1818 Brier=0.2970
Epoch 097: loss=0.2286 AUROC=0.5068 AUPRC=0.6047 Sens@95Spec=0.1364 Brier=0.3264
Epoch 098: loss=0.2182 AUROC=0.6477 AUPRC=0.7289 Sens@95Spec=0.2273 Brier=0.2460
Epoch 099: loss=0.2229 AUROC=0.5636 AUPRC=0.6337 Sens@95Spec=0.1364 Brier=0.2811
Epoch 100: loss=0.2368 AUROC=0.6068 AUPRC=0.6430 Sens@95Spec=0.0909 Brier=0.2704
Fold 4 BEST | AUROC=0.7614 AUPRC=0.7859 Sens@95Spec=0.3636 Brier=0.2038

===== Fold 5/5 =====
Epoch 001: loss=0.4055 AUROC=0.5795 AUPRC=0.6472 Sens@95Spec=0.3636 Brier=0.2446 ✓ NEW BEST
Epoch 002: loss=0.3749 AUROC=0.6068 AUPRC=0.6714 Sens@95Spec=0.2273 Brier=0.2500 ✓ NEW BEST
Epoch 003: loss=0.3760 AUROC=0.5818 AUPRC=0.6270 Sens@95Spec=0.0909 Brier=0.2477
Epoch 004: loss=0.3944 AUROC=0.5614 AUPRC=0.6454 Sens@95Spec=0.2727 Brier=0.2674
Epoch 005: loss=0.3696 AUROC=0.5159 AUPRC=0.6056 Sens@95Spec=0.1364 Brier=0.2544
Epoch 006: loss=0.3675 AUROC=0.5091 AUPRC=0.5757 Sens@95Spec=0.0909 Brier=0.2593
Epoch 007: loss=0.3714 AUROC=0.4636 AUPRC=0.5729 Sens@95Spec=0.0909 Brier=0.2599
Epoch 008: loss=0.3534 AUROC=0.4318 AUPRC=0.5316 Sens@95Spec=0.0909 Brier=0.2725
Epoch 009: loss=0.3417 AUROC=0.4773 AUPRC=0.5950 Sens@95Spec=0.0909 Brier=0.2639
Epoch 010: loss=0.3565 AUROC=0.4318 AUPRC=0.5812 Sens@95Spec=0.1818 Brier=0.2648
Epoch 011: loss=0.3404 AUROC=0.4318 AUPRC=0.5067 Sens@95Spec=0.0455 Brier=0.2944
Epoch 012: loss=0.3436 AUROC=0.4273 AUPRC=0.5261 Sens@95Spec=0.0909 Brier=0.2857
Epoch 013: loss=0.3379 AUROC=0.5227 AUPRC=0.6105 Sens@95Spec=0.1818 Brier=0.2564
Epoch 014: loss=0.3233 AUROC=0.4886 AUPRC=0.5666 Sens@95Spec=0.0909 Brier=0.2659
Epoch 015: loss=0.3341 AUROC=0.4795 AUPRC=0.5664 Sens@95Spec=0.1364 Brier=0.2763
Epoch 016: loss=0.3224 AUROC=0.4932 AUPRC=0.5479 Sens@95Spec=0.0455 Brier=0.2820
Epoch 017: loss=0.3252 AUROC=0.5614 AUPRC=0.6377 Sens@95Spec=0.1364 Brier=0.2528
Epoch 018: loss=0.3167 AUROC=0.4136 AUPRC=0.5553 Sens@95Spec=0.1364 Brier=0.2967
Epoch 019: loss=0.3007 AUROC=0.5023 AUPRC=0.5706 Sens@95Spec=0.0455 Brier=0.2848
Epoch 020: loss=0.3064 AUROC=0.4500 AUPRC=0.4954 Sens@95Spec=0.0000 Brier=0.2942
Epoch 021: loss=0.2986 AUROC=0.3205 AUPRC=0.4349 Sens@95Spec=0.0455 Brier=0.3358
Epoch 022: loss=0.3045 AUROC=0.5114 AUPRC=0.5315 Sens@95Spec=0.0909 Brier=0.3030
Epoch 023: loss=0.2933 AUROC=0.4773 AUPRC=0.5437 Sens@95Spec=0.0909 Brier=0.2950
Epoch 024: loss=0.3046 AUROC=0.4545 AUPRC=0.4895 Sens@95Spec=0.0000 Brier=0.2898
Epoch 025: loss=0.2876 AUROC=0.4864 AUPRC=0.5182 Sens@95Spec=0.0000 Brier=0.2954
Epoch 026: loss=0.2852 AUROC=0.5705 AUPRC=0.6671 Sens@95Spec=0.2273 Brier=0.2589
Epoch 027: loss=0.2961 AUROC=0.4545 AUPRC=0.5557 Sens@95Spec=0.0909 Brier=0.3056
Epoch 028: loss=0.2853 AUROC=0.4364 AUPRC=0.5259 Sens@95Spec=0.0455 Brier=0.3000
Epoch 029: loss=0.2901 AUROC=0.3773 AUPRC=0.5049 Sens@95Spec=0.0909 Brier=0.3473
Epoch 030: loss=0.2734 AUROC=0.5409 AUPRC=0.5844 Sens@95Spec=0.0909 Brier=0.2728
Epoch 031: loss=0.2910 AUROC=0.4500 AUPRC=0.5413 Sens@95Spec=0.0909 Brier=0.3193
Epoch 032: loss=0.2879 AUROC=0.4250 AUPRC=0.5284 Sens@95Spec=0.0909 Brier=0.3205
Epoch 033: loss=0.2684 AUROC=0.4227 AUPRC=0.5237 Sens@95Spec=0.0909 Brier=0.3210
Epoch 034: loss=0.2657 AUROC=0.4864 AUPRC=0.5402 Sens@95Spec=0.0909 Brier=0.3086
Epoch 035: loss=0.2748 AUROC=0.3227 AUPRC=0.4383 Sens@95Spec=0.0455 Brier=0.3553
Epoch 036: loss=0.2762 AUROC=0.5250 AUPRC=0.5851 Sens@95Spec=0.1818 Brier=0.2986
Epoch 037: loss=0.2588 AUROC=0.5114 AUPRC=0.5344 Sens@95Spec=0.0455 Brier=0.2856
Epoch 038: loss=0.2639 AUROC=0.4977 AUPRC=0.5710 Sens@95Spec=0.0909 Brier=0.3055
Epoch 039: loss=0.2619 AUROC=0.4773 AUPRC=0.5312 Sens@95Spec=0.0455 Brier=0.3103
Epoch 040: loss=0.2654 AUROC=0.4682 AUPRC=0.5436 Sens@95Spec=0.1364 Brier=0.3220
Epoch 041: loss=0.2694 AUROC=0.3091 AUPRC=0.4207 Sens@95Spec=0.0000 Brier=0.3554
Epoch 042: loss=0.2583 AUROC=0.4295 AUPRC=0.5309 Sens@95Spec=0.0909 Brier=0.3376
Epoch 043: loss=0.2536 AUROC=0.4386 AUPRC=0.4902 Sens@95Spec=0.0000 Brier=0.3187
Epoch 044: loss=0.2784 AUROC=0.5000 AUPRC=0.5082 Sens@95Spec=0.0455 Brier=0.3063
Epoch 045: loss=0.2743 AUROC=0.5250 AUPRC=0.5557 Sens@95Spec=0.0455 Brier=0.2964
Epoch 046: loss=0.2470 AUROC=0.4750 AUPRC=0.5429 Sens@95Spec=0.0909 Brier=0.3092
Epoch 047: loss=0.2680 AUROC=0.4250 AUPRC=0.5556 Sens@95Spec=0.1364 Brier=0.3105
Epoch 048: loss=0.2555 AUROC=0.4682 AUPRC=0.5606 Sens@95Spec=0.1364 Brier=0.3130
Epoch 049: loss=0.2381 AUROC=0.3886 AUPRC=0.4798 Sens@95Spec=0.0000 Brier=0.3561
Epoch 050: loss=0.2477 AUROC=0.4636 AUPRC=0.5584 Sens@95Spec=0.0909 Brier=0.3094
Epoch 051: loss=0.2675 AUROC=0.3636 AUPRC=0.5245 Sens@95Spec=0.1364 Brier=0.3417
Epoch 052: loss=0.2533 AUROC=0.3773 AUPRC=0.4845 Sens@95Spec=0.0455 Brier=0.3656
Epoch 053: loss=0.2611 AUROC=0.4250 AUPRC=0.5167 Sens@95Spec=0.0909 Brier=0.3354
Epoch 054: loss=0.2516 AUROC=0.4909 AUPRC=0.5699 Sens@95Spec=0.0909 Brier=0.3043
Epoch 055: loss=0.2653 AUROC=0.4023 AUPRC=0.4690 Sens@95Spec=0.0455 Brier=0.3599
Epoch 056: loss=0.2414 AUROC=0.5318 AUPRC=0.5931 Sens@95Spec=0.0909 Brier=0.2854
Epoch 057: loss=0.2544 AUROC=0.4591 AUPRC=0.5693 Sens@95Spec=0.1818 Brier=0.3201
Epoch 058: loss=0.2541 AUROC=0.5045 AUPRC=0.5967 Sens@95Spec=0.1364 Brier=0.2833
Epoch 059: loss=0.2437 AUROC=0.4023 AUPRC=0.4647 Sens@95Spec=0.0000 Brier=0.3419
Epoch 060: loss=0.2411 AUROC=0.4136 AUPRC=0.5466 Sens@95Spec=0.1364 Brier=0.3392
Epoch 061: loss=0.2554 AUROC=0.5091 AUPRC=0.5655 Sens@95Spec=0.0455 Brier=0.3156
Epoch 062: loss=0.2498 AUROC=0.4545 AUPRC=0.5406 Sens@95Spec=0.1364 Brier=0.3243
Epoch 063: loss=0.2553 AUROC=0.4841 AUPRC=0.5152 Sens@95Spec=0.0455 Brier=0.3081
Epoch 064: loss=0.2315 AUROC=0.3864 AUPRC=0.4832 Sens@95Spec=0.0455 Brier=0.3509
Epoch 065: loss=0.2348 AUROC=0.4500 AUPRC=0.5202 Sens@95Spec=0.0455 Brier=0.3316
Epoch 066: loss=0.2441 AUROC=0.3682 AUPRC=0.5149 Sens@95Spec=0.1364 Brier=0.3529
Epoch 067: loss=0.2582 AUROC=0.4386 AUPRC=0.5191 Sens@95Spec=0.0455 Brier=0.3248
Epoch 068: loss=0.2425 AUROC=0.4068 AUPRC=0.4626 Sens@95Spec=0.0000 Brier=0.3487
Epoch 069: loss=0.2607 AUROC=0.5364 AUPRC=0.5649 Sens@95Spec=0.0455 Brier=0.2856
Epoch 070: loss=0.2232 AUROC=0.4636 AUPRC=0.5531 Sens@95Spec=0.0909 Brier=0.3307
Epoch 071: loss=0.2390 AUROC=0.4409 AUPRC=0.5203 Sens@95Spec=0.0455 Brier=0.3291
Epoch 072: loss=0.2415 AUROC=0.4659 AUPRC=0.5876 Sens@95Spec=0.1364 Brier=0.3193
Epoch 073: loss=0.2440 AUROC=0.4068 AUPRC=0.5402 Sens@95Spec=0.1364 Brier=0.3315
Epoch 074: loss=0.2329 AUROC=0.4614 AUPRC=0.5422 Sens@95Spec=0.1364 Brier=0.3348
Epoch 075: loss=0.2336 AUROC=0.4932 AUPRC=0.5325 Sens@95Spec=0.0455 Brier=0.2996
Epoch 076: loss=0.2375 AUROC=0.5318 AUPRC=0.6520 Sens@95Spec=0.2727 Brier=0.2980
Epoch 077: loss=0.2523 AUROC=0.4250 AUPRC=0.5280 Sens@95Spec=0.0455 Brier=0.3420
Epoch 078: loss=0.2457 AUROC=0.4045 AUPRC=0.4937 Sens@95Spec=0.0455 Brier=0.3491
Epoch 079: loss=0.2386 AUROC=0.5250 AUPRC=0.5677 Sens@95Spec=0.0455 Brier=0.3035
Epoch 080: loss=0.2313 AUROC=0.4045 AUPRC=0.4853 Sens@95Spec=0.0455 Brier=0.3472
Epoch 081: loss=0.2409 AUROC=0.5295 AUPRC=0.5667 Sens@95Spec=0.0909 Brier=0.2982
Epoch 082: loss=0.2495 AUROC=0.4295 AUPRC=0.5238 Sens@95Spec=0.0909 Brier=0.3365
Epoch 083: loss=0.2370 AUROC=0.4818 AUPRC=0.5629 Sens@95Spec=0.0909 Brier=0.3250
Epoch 084: loss=0.2480 AUROC=0.4591 AUPRC=0.5832 Sens@95Spec=0.1818 Brier=0.3198
Epoch 085: loss=0.2496 AUROC=0.3977 AUPRC=0.4877 Sens@95Spec=0.0455 Brier=0.3565
Epoch 086: loss=0.2344 AUROC=0.4364 AUPRC=0.5263 Sens@95Spec=0.0455 Brier=0.3470
Epoch 087: loss=0.2384 AUROC=0.4727 AUPRC=0.5521 Sens@95Spec=0.0909 Brier=0.3224
Epoch 088: loss=0.2363 AUROC=0.4182 AUPRC=0.5430 Sens@95Spec=0.0909 Brier=0.3400
Epoch 089: loss=0.2302 AUROC=0.4818 AUPRC=0.5462 Sens@95Spec=0.0455 Brier=0.3272
Epoch 090: loss=0.2234 AUROC=0.4727 AUPRC=0.5333 Sens@95Spec=0.0455 Brier=0.3191
Epoch 091: loss=0.2449 AUROC=0.3568 AUPRC=0.4778 Sens@95Spec=0.0455 Brier=0.3572
Epoch 092: loss=0.2395 AUROC=0.4386 AUPRC=0.5718 Sens@95Spec=0.1364 Brier=0.3043
Epoch 093: loss=0.2349 AUROC=0.4932 AUPRC=0.5260 Sens@95Spec=0.0455 Brier=0.3329
Epoch 094: loss=0.2302 AUROC=0.4182 AUPRC=0.5424 Sens@95Spec=0.1364 Brier=0.3419
Epoch 095: loss=0.2290 AUROC=0.3864 AUPRC=0.5565 Sens@95Spec=0.1818 Brier=0.3680
Epoch 096: loss=0.2375 AUROC=0.4386 AUPRC=0.5144 Sens@95Spec=0.0455 Brier=0.3450
Epoch 097: loss=0.2227 AUROC=0.4500 AUPRC=0.5470 Sens@95Spec=0.1364 Brier=0.3260
Epoch 098: loss=0.2389 AUROC=0.4386 AUPRC=0.5039 Sens@95Spec=0.0455 Brier=0.3213
Epoch 099: loss=0.2242 AUROC=0.3977 AUPRC=0.5014 Sens@95Spec=0.0909 Brier=0.3689
Epoch 100: loss=0.2380 AUROC=0.4568 AUPRC=0.5833 Sens@95Spec=0.1818 Brier=0.3469
Fold 5 BEST | AUROC=0.6068 AUPRC=0.6714 Sens@95Spec=0.2273 Brier=0.2500

===== CROSS-VALIDATION SUMMARY (mean ± std) =====
AUC       : 0.6978 ± 0.0617
AUPRC     : 0.7349 ± 0.0595
SENS95    : 0.2802 ± 0.1342
BRIER     : 0.2364 ± 0.0236

Training complete.
===== STAGE-2 CONFIG =====
